{"timestamp":"2025-12-08T18:54:13.158676Z","level":"info","event":"DAG bundles loaded: dags-folder, example_dags","logger":"airflow.dag_processing.bundles.manager.DagBundlesManager","filename":"manager.py","lineno":179}
{"timestamp":"2025-12-08T18:54:13.161855Z","level":"info","event":"Filling up the DagBag from /opt/airflow/dags/shopverse_daily_pipeline.py","logger":"airflow.models.dagbag.DagBag","filename":"dagbag.py","lineno":593}
{"timestamp":"2025-12-08T18:54:13.419038Z","level":"warning","event":"The `airflow.utils.task_group.TaskGroup` attribute is deprecated. Please use `'airflow.sdk.TaskGroup'`.","category":"DeprecatedImportWarning","filename":"/opt/airflow/dags/shopverse_daily_pipeline.py","lineno":4,"logger":"py.warnings"}
{"timestamp":"2025-12-08T18:54:13.419402Z","level":"warning","event":"The `airflow.operators.python.get_current_context` attribute is deprecated. Please use `'airflow.sdk.get_current_context'`.","category":"DeprecatedImportWarning","filename":"/opt/airflow/dags/shopverse_daily_pipeline.py","lineno":8,"logger":"py.warnings"}
{"timestamp":"2025-12-08T18:54:13.506363Z","level":"info","event":"Task instance is in running state","logger":"task.stdout"}
{"timestamp":"2025-12-08T18:54:13.507437Z","level":"info","event":" Previous state of the Task instance: TaskInstanceState.QUEUED","logger":"task.stdout"}
{"timestamp":"2025-12-08T18:54:13.508352Z","level":"info","event":"Current task name:wait_for_orders_file","logger":"task.stdout"}
{"timestamp":"2025-12-08T18:54:13.508986Z","level":"info","event":"Dag name:shopverse_daily_pipeline","logger":"task.stdout"}
{"timestamp":"2025-12-08T18:54:13.544764Z","level":"info","event":"Poking for file /opt/airflow/data/landing/orders/orders_20251208.json","logger":"airflow.task.operators.airflow.providers.standard.sensors.filesystem.FileSensor","filename":"filesystem.py","lineno":125}
{"timestamp":"2025-12-08T18:54:33.486983Z","level":"info","event":"Poking for file /opt/airflow/data/landing/orders/orders_20251208.json","logger":"airflow.task.operators.airflow.providers.standard.sensors.filesystem.FileSensor","filename":"filesystem.py","lineno":125}
{"timestamp":"2025-12-08T18:54:53.520664Z","level":"info","event":"Poking for file /opt/airflow/data/landing/orders/orders_20251208.json","logger":"airflow.task.operators.airflow.providers.standard.sensors.filesystem.FileSensor","filename":"filesystem.py","lineno":125}
{"timestamp":"2025-12-08T18:55:13.473947Z","level":"info","event":"Poking for file /opt/airflow/data/landing/orders/orders_20251208.json","logger":"airflow.task.operators.airflow.providers.standard.sensors.filesystem.FileSensor","filename":"filesystem.py","lineno":125}
{"timestamp":"2025-12-08T18:55:33.387952Z","level":"info","event":"Poking for file /opt/airflow/data/landing/orders/orders_20251208.json","logger":"airflow.task.operators.airflow.providers.standard.sensors.filesystem.FileSensor","filename":"filesystem.py","lineno":125}
{"timestamp":"2025-12-08T18:55:53.395698Z","level":"info","event":"Poking for file /opt/airflow/data/landing/orders/orders_20251208.json","logger":"airflow.task.operators.airflow.providers.standard.sensors.filesystem.FileSensor","filename":"filesystem.py","lineno":125}
{"timestamp":"2025-12-08T18:56:13.346504Z","level":"info","event":"Poking for file /opt/airflow/data/landing/orders/orders_20251208.json","logger":"airflow.task.operators.airflow.providers.standard.sensors.filesystem.FileSensor","filename":"filesystem.py","lineno":125}
{"timestamp":"2025-12-08T18:56:33.273195Z","level":"info","event":"Poking for file /opt/airflow/data/landing/orders/orders_20251208.json","logger":"airflow.task.operators.airflow.providers.standard.sensors.filesystem.FileSensor","filename":"filesystem.py","lineno":125}
{"timestamp":"2025-12-08T18:56:53.281000Z","level":"info","event":"Poking for file /opt/airflow/data/landing/orders/orders_20251208.json","logger":"airflow.task.operators.airflow.providers.standard.sensors.filesystem.FileSensor","filename":"filesystem.py","lineno":125}
{"timestamp":"2025-12-08T18:57:13.231941Z","level":"info","event":"Poking for file /opt/airflow/data/landing/orders/orders_20251208.json","logger":"airflow.task.operators.airflow.providers.standard.sensors.filesystem.FileSensor","filename":"filesystem.py","lineno":125}
{"timestamp":"2025-12-08T18:57:33.186518Z","level":"info","event":"Poking for file /opt/airflow/data/landing/orders/orders_20251208.json","logger":"airflow.task.operators.airflow.providers.standard.sensors.filesystem.FileSensor","filename":"filesystem.py","lineno":125}
{"timestamp":"2025-12-08T18:57:53.190822Z","level":"info","event":"Poking for file /opt/airflow/data/landing/orders/orders_20251208.json","logger":"airflow.task.operators.airflow.providers.standard.sensors.filesystem.FileSensor","filename":"filesystem.py","lineno":125}
{"timestamp":"2025-12-08T18:58:13.157524Z","level":"info","event":"Poking for file /opt/airflow/data/landing/orders/orders_20251208.json","logger":"airflow.task.operators.airflow.providers.standard.sensors.filesystem.FileSensor","filename":"filesystem.py","lineno":125}
{"timestamp":"2025-12-08T18:58:33.109198Z","level":"info","event":"Poking for file /opt/airflow/data/landing/orders/orders_20251208.json","logger":"airflow.task.operators.airflow.providers.standard.sensors.filesystem.FileSensor","filename":"filesystem.py","lineno":125}
{"timestamp":"2025-12-08T18:58:53.112550Z","level":"info","event":"Poking for file /opt/airflow/data/landing/orders/orders_20251208.json","logger":"airflow.task.operators.airflow.providers.standard.sensors.filesystem.FileSensor","filename":"filesystem.py","lineno":125}
{"timestamp":"2025-12-08T18:59:13.013415Z","level":"info","event":"Poking for file /opt/airflow/data/landing/orders/orders_20251208.json","logger":"airflow.task.operators.airflow.providers.standard.sensors.filesystem.FileSensor","filename":"filesystem.py","lineno":125}
{"timestamp":"2025-12-08T18:59:32.951517Z","level":"info","event":"Poking for file /opt/airflow/data/landing/orders/orders_20251208.json","logger":"airflow.task.operators.airflow.providers.standard.sensors.filesystem.FileSensor","filename":"filesystem.py","lineno":125}
{"timestamp":"2025-12-08T18:59:52.956786Z","level":"info","event":"Poking for file /opt/airflow/data/landing/orders/orders_20251208.json","logger":"airflow.task.operators.airflow.providers.standard.sensors.filesystem.FileSensor","filename":"filesystem.py","lineno":125}
{"timestamp":"2025-12-08T19:00:12.946414Z","level":"info","event":"Poking for file /opt/airflow/data/landing/orders/orders_20251208.json","logger":"airflow.task.operators.airflow.providers.standard.sensors.filesystem.FileSensor","filename":"filesystem.py","lineno":125}
{"timestamp":"2025-12-08T19:00:32.876915Z","level":"info","event":"Poking for file /opt/airflow/data/landing/orders/orders_20251208.json","logger":"airflow.task.operators.airflow.providers.standard.sensors.filesystem.FileSensor","filename":"filesystem.py","lineno":125}
{"timestamp":"2025-12-08T19:00:52.908199Z","level":"info","event":"Poking for file /opt/airflow/data/landing/orders/orders_20251208.json","logger":"airflow.task.operators.airflow.providers.standard.sensors.filesystem.FileSensor","filename":"filesystem.py","lineno":125}
{"timestamp":"2025-12-08T19:01:12.821237Z","level":"info","event":"Poking for file /opt/airflow/data/landing/orders/orders_20251208.json","logger":"airflow.task.operators.airflow.providers.standard.sensors.filesystem.FileSensor","filename":"filesystem.py","lineno":125}
{"timestamp":"2025-12-08T19:01:32.733372Z","level":"info","event":"Poking for file /opt/airflow/data/landing/orders/orders_20251208.json","logger":"airflow.task.operators.airflow.providers.standard.sensors.filesystem.FileSensor","filename":"filesystem.py","lineno":125}
{"timestamp":"2025-12-08T19:01:52.736611Z","level":"info","event":"Poking for file /opt/airflow/data/landing/orders/orders_20251208.json","logger":"airflow.task.operators.airflow.providers.standard.sensors.filesystem.FileSensor","filename":"filesystem.py","lineno":125}
{"timestamp":"2025-12-08T19:02:12.625491Z","level":"info","event":"Poking for file /opt/airflow/data/landing/orders/orders_20251208.json","logger":"airflow.task.operators.airflow.providers.standard.sensors.filesystem.FileSensor","filename":"filesystem.py","lineno":125}
{"timestamp":"2025-12-08T19:02:32.520462Z","level":"info","event":"Poking for file /opt/airflow/data/landing/orders/orders_20251208.json","logger":"airflow.task.operators.airflow.providers.standard.sensors.filesystem.FileSensor","filename":"filesystem.py","lineno":125}
{"timestamp":"2025-12-08T19:02:52.644182Z","level":"info","event":"Poking for file /opt/airflow/data/landing/orders/orders_20251208.json","logger":"airflow.task.operators.airflow.providers.standard.sensors.filesystem.FileSensor","filename":"filesystem.py","lineno":125}
{"timestamp":"2025-12-08T19:03:12.559791Z","level":"info","event":"Poking for file /opt/airflow/data/landing/orders/orders_20251208.json","logger":"airflow.task.operators.airflow.providers.standard.sensors.filesystem.FileSensor","filename":"filesystem.py","lineno":125}
{"timestamp":"2025-12-08T19:03:32.479483Z","level":"info","event":"Poking for file /opt/airflow/data/landing/orders/orders_20251208.json","logger":"airflow.task.operators.airflow.providers.standard.sensors.filesystem.FileSensor","filename":"filesystem.py","lineno":125}
{"timestamp":"2025-12-08T19:03:52.538720Z","level":"info","event":"Poking for file /opt/airflow/data/landing/orders/orders_20251208.json","logger":"airflow.task.operators.airflow.providers.standard.sensors.filesystem.FileSensor","filename":"filesystem.py","lineno":125}
{"timestamp":"2025-12-08T19:04:12.454339Z","level":"info","event":"Poking for file /opt/airflow/data/landing/orders/orders_20251208.json","logger":"airflow.task.operators.airflow.providers.standard.sensors.filesystem.FileSensor","filename":"filesystem.py","lineno":125}
{"timestamp":"2025-12-08T19:04:32.354018Z","level":"info","event":"Poking for file /opt/airflow/data/landing/orders/orders_20251208.json","logger":"airflow.task.operators.airflow.providers.standard.sensors.filesystem.FileSensor","filename":"filesystem.py","lineno":125}
{"timestamp":"2025-12-08T19:04:52.441939Z","level":"info","event":"Poking for file /opt/airflow/data/landing/orders/orders_20251208.json","logger":"airflow.task.operators.airflow.providers.standard.sensors.filesystem.FileSensor","filename":"filesystem.py","lineno":125}
{"timestamp":"2025-12-08T19:05:12.352312Z","level":"info","event":"Poking for file /opt/airflow/data/landing/orders/orders_20251208.json","logger":"airflow.task.operators.airflow.providers.standard.sensors.filesystem.FileSensor","filename":"filesystem.py","lineno":125}
{"timestamp":"2025-12-08T19:05:32.230797Z","level":"info","event":"Poking for file /opt/airflow/data/landing/orders/orders_20251208.json","logger":"airflow.task.operators.airflow.providers.standard.sensors.filesystem.FileSensor","filename":"filesystem.py","lineno":125}
{"timestamp":"2025-12-08T19:05:52.258672Z","level":"info","event":"Poking for file /opt/airflow/data/landing/orders/orders_20251208.json","logger":"airflow.task.operators.airflow.providers.standard.sensors.filesystem.FileSensor","filename":"filesystem.py","lineno":125}
{"timestamp":"2025-12-08T19:06:12.177265Z","level":"info","event":"Poking for file /opt/airflow/data/landing/orders/orders_20251208.json","logger":"airflow.task.operators.airflow.providers.standard.sensors.filesystem.FileSensor","filename":"filesystem.py","lineno":125}
{"timestamp":"2025-12-08T19:06:32.094466Z","level":"info","event":"Poking for file /opt/airflow/data/landing/orders/orders_20251208.json","logger":"airflow.task.operators.airflow.providers.standard.sensors.filesystem.FileSensor","filename":"filesystem.py","lineno":125}
{"timestamp":"2025-12-08T19:06:52.118268Z","level":"info","event":"Poking for file /opt/airflow/data/landing/orders/orders_20251208.json","logger":"airflow.task.operators.airflow.providers.standard.sensors.filesystem.FileSensor","filename":"filesystem.py","lineno":125}
{"timestamp":"2025-12-08T19:07:12.032022Z","level":"info","event":"Poking for file /opt/airflow/data/landing/orders/orders_20251208.json","logger":"airflow.task.operators.airflow.providers.standard.sensors.filesystem.FileSensor","filename":"filesystem.py","lineno":125}
{"timestamp":"2025-12-08T19:07:31.923780Z","level":"info","event":"Poking for file /opt/airflow/data/landing/orders/orders_20251208.json","logger":"airflow.task.operators.airflow.providers.standard.sensors.filesystem.FileSensor","filename":"filesystem.py","lineno":125}
{"timestamp":"2025-12-08T19:07:51.958051Z","level":"info","event":"Poking for file /opt/airflow/data/landing/orders/orders_20251208.json","logger":"airflow.task.operators.airflow.providers.standard.sensors.filesystem.FileSensor","filename":"filesystem.py","lineno":125}
{"timestamp":"2025-12-08T19:08:11.862867Z","level":"info","event":"Poking for file /opt/airflow/data/landing/orders/orders_20251208.json","logger":"airflow.task.operators.airflow.providers.standard.sensors.filesystem.FileSensor","filename":"filesystem.py","lineno":125}
{"timestamp":"2025-12-08T19:08:31.719462Z","level":"info","event":"Poking for file /opt/airflow/data/landing/orders/orders_20251208.json","logger":"airflow.task.operators.airflow.providers.standard.sensors.filesystem.FileSensor","filename":"filesystem.py","lineno":125}
{"timestamp":"2025-12-08T19:08:51.738602Z","level":"info","event":"Poking for file /opt/airflow/data/landing/orders/orders_20251208.json","logger":"airflow.task.operators.airflow.providers.standard.sensors.filesystem.FileSensor","filename":"filesystem.py","lineno":125}
{"timestamp":"2025-12-08T19:09:11.675941Z","level":"info","event":"Poking for file /opt/airflow/data/landing/orders/orders_20251208.json","logger":"airflow.task.operators.airflow.providers.standard.sensors.filesystem.FileSensor","filename":"filesystem.py","lineno":125}
{"timestamp":"2025-12-08T19:09:31.568652Z","level":"info","event":"Poking for file /opt/airflow/data/landing/orders/orders_20251208.json","logger":"airflow.task.operators.airflow.providers.standard.sensors.filesystem.FileSensor","filename":"filesystem.py","lineno":125}
{"timestamp":"2025-12-08T19:09:51.795603Z","level":"info","event":"Poking for file /opt/airflow/data/landing/orders/orders_20251208.json","logger":"airflow.task.operators.airflow.providers.standard.sensors.filesystem.FileSensor","filename":"filesystem.py","lineno":125}
{"timestamp":"2025-12-08T19:10:11.893132Z","level":"info","event":"Poking for file /opt/airflow/data/landing/orders/orders_20251208.json","logger":"airflow.task.operators.airflow.providers.standard.sensors.filesystem.FileSensor","filename":"filesystem.py","lineno":125}
{"timestamp":"2025-12-08T19:10:31.777521Z","level":"info","event":"Poking for file /opt/airflow/data/landing/orders/orders_20251208.json","logger":"airflow.task.operators.airflow.providers.standard.sensors.filesystem.FileSensor","filename":"filesystem.py","lineno":125}
{"timestamp":"2025-12-08T19:10:51.810957Z","level":"info","event":"Poking for file /opt/airflow/data/landing/orders/orders_20251208.json","logger":"airflow.task.operators.airflow.providers.standard.sensors.filesystem.FileSensor","filename":"filesystem.py","lineno":125}
{"timestamp":"2025-12-08T19:11:11.750509Z","level":"info","event":"Poking for file /opt/airflow/data/landing/orders/orders_20251208.json","logger":"airflow.task.operators.airflow.providers.standard.sensors.filesystem.FileSensor","filename":"filesystem.py","lineno":125}
{"timestamp":"2025-12-08T19:11:31.674869Z","level":"info","event":"Poking for file /opt/airflow/data/landing/orders/orders_20251208.json","logger":"airflow.task.operators.airflow.providers.standard.sensors.filesystem.FileSensor","filename":"filesystem.py","lineno":125}
{"timestamp":"2025-12-08T19:11:51.775069Z","level":"info","event":"Poking for file /opt/airflow/data/landing/orders/orders_20251208.json","logger":"airflow.task.operators.airflow.providers.standard.sensors.filesystem.FileSensor","filename":"filesystem.py","lineno":125}
{"timestamp":"2025-12-08T19:12:11.661682Z","level":"info","event":"Poking for file /opt/airflow/data/landing/orders/orders_20251208.json","logger":"airflow.task.operators.airflow.providers.standard.sensors.filesystem.FileSensor","filename":"filesystem.py","lineno":125}
{"timestamp":"2025-12-08T19:12:31.590106Z","level":"info","event":"Poking for file /opt/airflow/data/landing/orders/orders_20251208.json","logger":"airflow.task.operators.airflow.providers.standard.sensors.filesystem.FileSensor","filename":"filesystem.py","lineno":125}
{"timestamp":"2025-12-08T19:12:51.638308Z","level":"info","event":"Poking for file /opt/airflow/data/landing/orders/orders_20251208.json","logger":"airflow.task.operators.airflow.providers.standard.sensors.filesystem.FileSensor","filename":"filesystem.py","lineno":125}
{"timestamp":"2025-12-08T19:13:11.610349Z","level":"info","event":"Poking for file /opt/airflow/data/landing/orders/orders_20251208.json","logger":"airflow.task.operators.airflow.providers.standard.sensors.filesystem.FileSensor","filename":"filesystem.py","lineno":125}
{"timestamp":"2025-12-08T19:13:31.523109Z","level":"info","event":"Poking for file /opt/airflow/data/landing/orders/orders_20251208.json","logger":"airflow.task.operators.airflow.providers.standard.sensors.filesystem.FileSensor","filename":"filesystem.py","lineno":125}
{"timestamp":"2025-12-08T19:13:51.642632Z","level":"info","event":"Poking for file /opt/airflow/data/landing/orders/orders_20251208.json","logger":"airflow.task.operators.airflow.providers.standard.sensors.filesystem.FileSensor","filename":"filesystem.py","lineno":125}
{"timestamp":"2025-12-08T19:14:11.578748Z","level":"info","event":"Poking for file /opt/airflow/data/landing/orders/orders_20251208.json","logger":"airflow.task.operators.airflow.providers.standard.sensors.filesystem.FileSensor","filename":"filesystem.py","lineno":125}
{"timestamp":"2025-12-08T19:14:11.583598Z","level":"error","event":"Task failed with exception","logger":"task","filename":"task_runner.py","lineno":969,"error_detail":[{"exc_type":"AirflowSensorTimeout","exc_value":"Sensor has timed out; run duration of 1202.2127491739993 seconds exceeds the specified timeout of 1200.0.","exc_notes":[],"syntax_error":null,"is_cause":false,"frames":[{"filename":"/home/airflow/.local/lib/python3.12/site-packages/airflow/sdk/execution_time/task_runner.py","lineno":928,"name":"run"},{"filename":"/home/airflow/.local/lib/python3.12/site-packages/airflow/sdk/execution_time/task_runner.py","lineno":1315,"name":"_execute_task"},{"filename":"/home/airflow/.local/lib/python3.12/site-packages/airflow/sdk/bases/operator.py","lineno":416,"name":"wrapper"},{"filename":"/home/airflow/.local/lib/python3.12/site-packages/airflow/providers/standard/sensors/filesystem.py","lineno":139,"name":"execute"},{"filename":"/home/airflow/.local/lib/python3.12/site-packages/airflow/sdk/bases/operator.py","lineno":416,"name":"wrapper"},{"filename":"/home/airflow/.local/lib/python3.12/site-packages/airflow/sdk/bases/sensor.py","lineno":243,"name":"execute"}],"is_group":false,"exceptions":[]}]}
{"timestamp":"2025-12-08T19:14:11.589558Z","level":"info","event":"Task instance in failure state","logger":"task.stdout"}
{"timestamp":"2025-12-08T19:14:11.591940Z","level":"info","event":"Task start","logger":"task.stdout"}
{"timestamp":"2025-12-08T19:14:11.592882Z","level":"info","event":"Task:<Task(FileSensor): wait_for_orders_file>","logger":"task.stdout"}
{"timestamp":"2025-12-08T19:14:11.594496Z","level":"info","event":"Failure caused by Sensor has timed out; run duration of 1202.2127491739993 seconds exceeds the specified timeout of 1200.0.","logger":"task.stdout"}
