{"timestamp":"2025-12-08T19:06:06.178451Z","level":"info","event":"DAG bundles loaded: dags-folder, example_dags","logger":"airflow.dag_processing.bundles.manager.DagBundlesManager","filename":"manager.py","lineno":179}
{"timestamp":"2025-12-08T19:06:06.182814Z","level":"info","event":"Filling up the DagBag from /opt/airflow/dags/shopverse_daily_pipeline.py","logger":"airflow.models.dagbag.DagBag","filename":"dagbag.py","lineno":593}
{"timestamp":"2025-12-08T19:06:06.425387Z","level":"warning","event":"The `airflow.utils.task_group.TaskGroup` attribute is deprecated. Please use `'airflow.sdk.TaskGroup'`.","category":"DeprecatedImportWarning","filename":"/opt/airflow/dags/shopverse_daily_pipeline.py","lineno":4,"logger":"py.warnings"}
{"timestamp":"2025-12-08T19:06:06.425692Z","level":"warning","event":"The `airflow.operators.python.get_current_context` attribute is deprecated. Please use `'airflow.sdk.get_current_context'`.","category":"DeprecatedImportWarning","filename":"/opt/airflow/dags/shopverse_daily_pipeline.py","lineno":8,"logger":"py.warnings"}
{"timestamp":"2025-12-08T19:06:06.482314Z","level":"info","event":"Task instance is in running state","logger":"task.stdout"}
{"timestamp":"2025-12-08T19:06:06.483130Z","level":"info","event":" Previous state of the Task instance: TaskInstanceState.QUEUED","logger":"task.stdout"}
{"timestamp":"2025-12-08T19:06:06.484194Z","level":"info","event":"Current task name:wait_for_customers_file","logger":"task.stdout"}
{"timestamp":"2025-12-08T19:06:06.485043Z","level":"info","event":"Dag name:shopverse_daily_pipeline","logger":"task.stdout"}
{"timestamp":"2025-12-08T19:06:06.504490Z","level":"info","event":"Poking for file /opt/airflow/data/landing/customers/customers_20251208.csv","logger":"airflow.task.operators.airflow.providers.standard.sensors.filesystem.FileSensor","filename":"filesystem.py","lineno":125}
{"timestamp":"2025-12-08T19:06:26.510723Z","level":"info","event":"Poking for file /opt/airflow/data/landing/customers/customers_20251208.csv","logger":"airflow.task.operators.airflow.providers.standard.sensors.filesystem.FileSensor","filename":"filesystem.py","lineno":125}
{"timestamp":"2025-12-08T19:06:46.428844Z","level":"info","event":"Poking for file /opt/airflow/data/landing/customers/customers_20251208.csv","logger":"airflow.task.operators.airflow.providers.standard.sensors.filesystem.FileSensor","filename":"filesystem.py","lineno":125}
{"timestamp":"2025-12-08T19:07:06.343884Z","level":"info","event":"Poking for file /opt/airflow/data/landing/customers/customers_20251208.csv","logger":"airflow.task.operators.airflow.providers.standard.sensors.filesystem.FileSensor","filename":"filesystem.py","lineno":125}
{"timestamp":"2025-12-08T19:07:26.349484Z","level":"info","event":"Poking for file /opt/airflow/data/landing/customers/customers_20251208.csv","logger":"airflow.task.operators.airflow.providers.standard.sensors.filesystem.FileSensor","filename":"filesystem.py","lineno":125}
{"timestamp":"2025-12-08T19:07:46.287806Z","level":"info","event":"Poking for file /opt/airflow/data/landing/customers/customers_20251208.csv","logger":"airflow.task.operators.airflow.providers.standard.sensors.filesystem.FileSensor","filename":"filesystem.py","lineno":125}
{"timestamp":"2025-12-08T19:08:06.230088Z","level":"info","event":"Poking for file /opt/airflow/data/landing/customers/customers_20251208.csv","logger":"airflow.task.operators.airflow.providers.standard.sensors.filesystem.FileSensor","filename":"filesystem.py","lineno":125}
{"timestamp":"2025-12-08T19:08:26.241031Z","level":"info","event":"Poking for file /opt/airflow/data/landing/customers/customers_20251208.csv","logger":"airflow.task.operators.airflow.providers.standard.sensors.filesystem.FileSensor","filename":"filesystem.py","lineno":125}
{"timestamp":"2025-12-08T19:08:46.136465Z","level":"info","event":"Poking for file /opt/airflow/data/landing/customers/customers_20251208.csv","logger":"airflow.task.operators.airflow.providers.standard.sensors.filesystem.FileSensor","filename":"filesystem.py","lineno":125}
{"timestamp":"2025-12-08T19:09:06.121416Z","level":"info","event":"Poking for file /opt/airflow/data/landing/customers/customers_20251208.csv","logger":"airflow.task.operators.airflow.providers.standard.sensors.filesystem.FileSensor","filename":"filesystem.py","lineno":125}
{"timestamp":"2025-12-08T19:09:26.132016Z","level":"info","event":"Poking for file /opt/airflow/data/landing/customers/customers_20251208.csv","logger":"airflow.task.operators.airflow.providers.standard.sensors.filesystem.FileSensor","filename":"filesystem.py","lineno":125}
{"timestamp":"2025-12-08T19:09:46.035173Z","level":"info","event":"Poking for file /opt/airflow/data/landing/customers/customers_20251208.csv","logger":"airflow.task.operators.airflow.providers.standard.sensors.filesystem.FileSensor","filename":"filesystem.py","lineno":125}
{"timestamp":"2025-12-08T19:10:06.144585Z","level":"info","event":"Poking for file /opt/airflow/data/landing/customers/customers_20251208.csv","logger":"airflow.task.operators.airflow.providers.standard.sensors.filesystem.FileSensor","filename":"filesystem.py","lineno":125}
{"timestamp":"2025-12-08T19:10:26.159440Z","level":"info","event":"Poking for file /opt/airflow/data/landing/customers/customers_20251208.csv","logger":"airflow.task.operators.airflow.providers.standard.sensors.filesystem.FileSensor","filename":"filesystem.py","lineno":125}
{"timestamp":"2025-12-08T19:10:46.076661Z","level":"info","event":"Poking for file /opt/airflow/data/landing/customers/customers_20251208.csv","logger":"airflow.task.operators.airflow.providers.standard.sensors.filesystem.FileSensor","filename":"filesystem.py","lineno":125}
{"timestamp":"2025-12-08T19:11:06.025914Z","level":"info","event":"Poking for file /opt/airflow/data/landing/customers/customers_20251208.csv","logger":"airflow.task.operators.airflow.providers.standard.sensors.filesystem.FileSensor","filename":"filesystem.py","lineno":125}
{"timestamp":"2025-12-08T19:11:26.030885Z","level":"info","event":"Poking for file /opt/airflow/data/landing/customers/customers_20251208.csv","logger":"airflow.task.operators.airflow.providers.standard.sensors.filesystem.FileSensor","filename":"filesystem.py","lineno":125}
{"timestamp":"2025-12-08T19:11:45.960530Z","level":"info","event":"Poking for file /opt/airflow/data/landing/customers/customers_20251208.csv","logger":"airflow.task.operators.airflow.providers.standard.sensors.filesystem.FileSensor","filename":"filesystem.py","lineno":125}
{"timestamp":"2025-12-08T19:12:06.071707Z","level":"info","event":"Poking for file /opt/airflow/data/landing/customers/customers_20251208.csv","logger":"airflow.task.operators.airflow.providers.standard.sensors.filesystem.FileSensor","filename":"filesystem.py","lineno":125}
{"timestamp":"2025-12-08T19:12:25.987436Z","level":"info","event":"Poking for file /opt/airflow/data/landing/customers/customers_20251208.csv","logger":"airflow.task.operators.airflow.providers.standard.sensors.filesystem.FileSensor","filename":"filesystem.py","lineno":125}
{"timestamp":"2025-12-08T19:12:46.041223Z","level":"info","event":"Poking for file /opt/airflow/data/landing/customers/customers_20251208.csv","logger":"airflow.task.operators.airflow.providers.standard.sensors.filesystem.FileSensor","filename":"filesystem.py","lineno":125}
{"timestamp":"2025-12-08T19:13:06.066236Z","level":"info","event":"Poking for file /opt/airflow/data/landing/customers/customers_20251208.csv","logger":"airflow.task.operators.airflow.providers.standard.sensors.filesystem.FileSensor","filename":"filesystem.py","lineno":125}
{"timestamp":"2025-12-08T19:13:25.976303Z","level":"info","event":"Poking for file /opt/airflow/data/landing/customers/customers_20251208.csv","logger":"airflow.task.operators.airflow.providers.standard.sensors.filesystem.FileSensor","filename":"filesystem.py","lineno":125}
{"timestamp":"2025-12-08T19:13:45.982108Z","level":"info","event":"Poking for file /opt/airflow/data/landing/customers/customers_20251208.csv","logger":"airflow.task.operators.airflow.providers.standard.sensors.filesystem.FileSensor","filename":"filesystem.py","lineno":125}
{"timestamp":"2025-12-08T19:14:05.900263Z","level":"info","event":"Poking for file /opt/airflow/data/landing/customers/customers_20251208.csv","logger":"airflow.task.operators.airflow.providers.standard.sensors.filesystem.FileSensor","filename":"filesystem.py","lineno":125}
{"timestamp":"2025-12-08T19:14:25.820817Z","level":"info","event":"Poking for file /opt/airflow/data/landing/customers/customers_20251208.csv","logger":"airflow.task.operators.airflow.providers.standard.sensors.filesystem.FileSensor","filename":"filesystem.py","lineno":125}
{"timestamp":"2025-12-08T19:14:45.828692Z","level":"info","event":"Poking for file /opt/airflow/data/landing/customers/customers_20251208.csv","logger":"airflow.task.operators.airflow.providers.standard.sensors.filesystem.FileSensor","filename":"filesystem.py","lineno":125}
{"timestamp":"2025-12-08T19:15:05.763000Z","level":"info","event":"Poking for file /opt/airflow/data/landing/customers/customers_20251208.csv","logger":"airflow.task.operators.airflow.providers.standard.sensors.filesystem.FileSensor","filename":"filesystem.py","lineno":125}
{"timestamp":"2025-12-08T19:15:15.826030Z","level":"error","event":"Server indicated the task shouldn't be running anymore. Terminating process","detail":{"detail":{"reason":"not_found","message":"Task Instance not found"}},"logger":"task"}
{"timestamp":"2025-12-08T19:15:20.877333Z","level":"error","event":"Task killed!","logger":"task"}
