{"timestamp":"2025-12-08T19:25:31.883610Z","level":"info","event":"DAG bundles loaded: dags-folder, example_dags","logger":"airflow.dag_processing.bundles.manager.DagBundlesManager","filename":"manager.py","lineno":179}
{"timestamp":"2025-12-08T19:25:31.887233Z","level":"info","event":"Filling up the DagBag from /opt/airflow/dags/shopverse_daily_pipeline.py","logger":"airflow.models.dagbag.DagBag","filename":"dagbag.py","lineno":593}
{"timestamp":"2025-12-08T19:25:32.519461Z","level":"warning","event":"The `airflow.utils.task_group.TaskGroup` attribute is deprecated. Please use `'airflow.sdk.TaskGroup'`.","category":"DeprecatedImportWarning","filename":"/opt/airflow/dags/shopverse_daily_pipeline.py","lineno":4,"logger":"py.warnings"}
{"timestamp":"2025-12-08T19:25:32.520040Z","level":"warning","event":"The `airflow.operators.python.get_current_context` attribute is deprecated. Please use `'airflow.sdk.get_current_context'`.","category":"DeprecatedImportWarning","filename":"/opt/airflow/dags/shopverse_daily_pipeline.py","lineno":8,"logger":"py.warnings"}
{"timestamp":"2025-12-08T19:25:32.640121Z","level":"info","event":"Task instance is in running state","logger":"task.stdout"}
{"timestamp":"2025-12-08T19:25:32.642171Z","level":"info","event":" Previous state of the Task instance: TaskInstanceState.QUEUED","logger":"task.stdout"}
{"timestamp":"2025-12-08T19:25:32.643159Z","level":"info","event":"Current task name:wait_for_products_file","logger":"task.stdout"}
{"timestamp":"2025-12-08T19:25:32.643724Z","level":"info","event":"Dag name:shopverse_daily_pipeline","logger":"task.stdout"}
{"timestamp":"2025-12-08T19:25:32.673154Z","level":"info","event":"Poking for file /opt/airflow/data/landing/products/products_20251208.csv","logger":"airflow.task.operators.airflow.providers.standard.sensors.filesystem.FileSensor","filename":"filesystem.py","lineno":125}
{"timestamp":"2025-12-08T19:25:52.678183Z","level":"info","event":"Poking for file /opt/airflow/data/landing/products/products_20251208.csv","logger":"airflow.task.operators.airflow.providers.standard.sensors.filesystem.FileSensor","filename":"filesystem.py","lineno":125}
{"timestamp":"2025-12-08T19:26:12.570259Z","level":"info","event":"Poking for file /opt/airflow/data/landing/products/products_20251208.csv","logger":"airflow.task.operators.airflow.providers.standard.sensors.filesystem.FileSensor","filename":"filesystem.py","lineno":125}
{"timestamp":"2025-12-08T19:26:32.500902Z","level":"info","event":"Poking for file /opt/airflow/data/landing/products/products_20251208.csv","logger":"airflow.task.operators.airflow.providers.standard.sensors.filesystem.FileSensor","filename":"filesystem.py","lineno":125}
{"timestamp":"2025-12-08T19:26:52.518603Z","level":"info","event":"Poking for file /opt/airflow/data/landing/products/products_20251208.csv","logger":"airflow.task.operators.airflow.providers.standard.sensors.filesystem.FileSensor","filename":"filesystem.py","lineno":125}
{"timestamp":"2025-12-08T19:27:12.435175Z","level":"info","event":"Poking for file /opt/airflow/data/landing/products/products_20251208.csv","logger":"airflow.task.operators.airflow.providers.standard.sensors.filesystem.FileSensor","filename":"filesystem.py","lineno":125}
{"timestamp":"2025-12-08T19:27:32.317652Z","level":"info","event":"Poking for file /opt/airflow/data/landing/products/products_20251208.csv","logger":"airflow.task.operators.airflow.providers.standard.sensors.filesystem.FileSensor","filename":"filesystem.py","lineno":125}
{"timestamp":"2025-12-08T19:27:52.323521Z","level":"info","event":"Poking for file /opt/airflow/data/landing/products/products_20251208.csv","logger":"airflow.task.operators.airflow.providers.standard.sensors.filesystem.FileSensor","filename":"filesystem.py","lineno":125}
{"timestamp":"2025-12-08T19:28:12.209294Z","level":"info","event":"Poking for file /opt/airflow/data/landing/products/products_20251208.csv","logger":"airflow.task.operators.airflow.providers.standard.sensors.filesystem.FileSensor","filename":"filesystem.py","lineno":125}
{"timestamp":"2025-12-08T19:28:32.107813Z","level":"info","event":"Poking for file /opt/airflow/data/landing/products/products_20251208.csv","logger":"airflow.task.operators.airflow.providers.standard.sensors.filesystem.FileSensor","filename":"filesystem.py","lineno":125}
{"timestamp":"2025-12-08T19:28:52.114196Z","level":"info","event":"Poking for file /opt/airflow/data/landing/products/products_20251208.csv","logger":"airflow.task.operators.airflow.providers.standard.sensors.filesystem.FileSensor","filename":"filesystem.py","lineno":125}
{"timestamp":"2025-12-08T19:29:12.008690Z","level":"info","event":"Poking for file /opt/airflow/data/landing/products/products_20251208.csv","logger":"airflow.task.operators.airflow.providers.standard.sensors.filesystem.FileSensor","filename":"filesystem.py","lineno":125}
{"timestamp":"2025-12-08T19:29:31.904475Z","level":"info","event":"Poking for file /opt/airflow/data/landing/products/products_20251208.csv","logger":"airflow.task.operators.airflow.providers.standard.sensors.filesystem.FileSensor","filename":"filesystem.py","lineno":125}
{"timestamp":"2025-12-08T19:29:51.909294Z","level":"info","event":"Poking for file /opt/airflow/data/landing/products/products_20251208.csv","logger":"airflow.task.operators.airflow.providers.standard.sensors.filesystem.FileSensor","filename":"filesystem.py","lineno":125}
{"timestamp":"2025-12-08T19:30:11.796544Z","level":"info","event":"Poking for file /opt/airflow/data/landing/products/products_20251208.csv","logger":"airflow.task.operators.airflow.providers.standard.sensors.filesystem.FileSensor","filename":"filesystem.py","lineno":125}
{"timestamp":"2025-12-08T19:30:31.717840Z","level":"info","event":"Poking for file /opt/airflow/data/landing/products/products_20251208.csv","logger":"airflow.task.operators.airflow.providers.standard.sensors.filesystem.FileSensor","filename":"filesystem.py","lineno":125}
{"timestamp":"2025-12-08T19:30:51.721727Z","level":"info","event":"Poking for file /opt/airflow/data/landing/products/products_20251208.csv","logger":"airflow.task.operators.airflow.providers.standard.sensors.filesystem.FileSensor","filename":"filesystem.py","lineno":125}
{"timestamp":"2025-12-08T19:31:11.661283Z","level":"info","event":"Poking for file /opt/airflow/data/landing/products/products_20251208.csv","logger":"airflow.task.operators.airflow.providers.standard.sensors.filesystem.FileSensor","filename":"filesystem.py","lineno":125}
{"timestamp":"2025-12-08T19:31:31.582420Z","level":"info","event":"Poking for file /opt/airflow/data/landing/products/products_20251208.csv","logger":"airflow.task.operators.airflow.providers.standard.sensors.filesystem.FileSensor","filename":"filesystem.py","lineno":125}
{"timestamp":"2025-12-08T19:31:51.584796Z","level":"info","event":"Poking for file /opt/airflow/data/landing/products/products_20251208.csv","logger":"airflow.task.operators.airflow.providers.standard.sensors.filesystem.FileSensor","filename":"filesystem.py","lineno":125}
{"timestamp":"2025-12-08T19:32:11.481602Z","level":"info","event":"Poking for file /opt/airflow/data/landing/products/products_20251208.csv","logger":"airflow.task.operators.airflow.providers.standard.sensors.filesystem.FileSensor","filename":"filesystem.py","lineno":125}
{"timestamp":"2025-12-08T19:32:31.372120Z","level":"info","event":"Poking for file /opt/airflow/data/landing/products/products_20251208.csv","logger":"airflow.task.operators.airflow.providers.standard.sensors.filesystem.FileSensor","filename":"filesystem.py","lineno":125}
{"timestamp":"2025-12-08T19:32:51.378035Z","level":"info","event":"Poking for file /opt/airflow/data/landing/products/products_20251208.csv","logger":"airflow.task.operators.airflow.providers.standard.sensors.filesystem.FileSensor","filename":"filesystem.py","lineno":125}
{"timestamp":"2025-12-08T19:33:11.245970Z","level":"info","event":"Poking for file /opt/airflow/data/landing/products/products_20251208.csv","logger":"airflow.task.operators.airflow.providers.standard.sensors.filesystem.FileSensor","filename":"filesystem.py","lineno":125}
{"timestamp":"2025-12-08T19:33:31.186881Z","level":"info","event":"Poking for file /opt/airflow/data/landing/products/products_20251208.csv","logger":"airflow.task.operators.airflow.providers.standard.sensors.filesystem.FileSensor","filename":"filesystem.py","lineno":125}
{"timestamp":"2025-12-08T19:33:51.194356Z","level":"info","event":"Poking for file /opt/airflow/data/landing/products/products_20251208.csv","logger":"airflow.task.operators.airflow.providers.standard.sensors.filesystem.FileSensor","filename":"filesystem.py","lineno":125}
{"timestamp":"2025-12-08T19:34:11.088527Z","level":"info","event":"Poking for file /opt/airflow/data/landing/products/products_20251208.csv","logger":"airflow.task.operators.airflow.providers.standard.sensors.filesystem.FileSensor","filename":"filesystem.py","lineno":125}
{"timestamp":"2025-12-08T19:34:31.001175Z","level":"info","event":"Poking for file /opt/airflow/data/landing/products/products_20251208.csv","logger":"airflow.task.operators.airflow.providers.standard.sensors.filesystem.FileSensor","filename":"filesystem.py","lineno":125}
{"timestamp":"2025-12-08T19:34:51.004176Z","level":"info","event":"Poking for file /opt/airflow/data/landing/products/products_20251208.csv","logger":"airflow.task.operators.airflow.providers.standard.sensors.filesystem.FileSensor","filename":"filesystem.py","lineno":125}
{"timestamp":"2025-12-08T19:35:10.853459Z","level":"info","event":"Poking for file /opt/airflow/data/landing/products/products_20251208.csv","logger":"airflow.task.operators.airflow.providers.standard.sensors.filesystem.FileSensor","filename":"filesystem.py","lineno":125}
{"timestamp":"2025-12-08T19:35:30.806950Z","level":"info","event":"Poking for file /opt/airflow/data/landing/products/products_20251208.csv","logger":"airflow.task.operators.airflow.providers.standard.sensors.filesystem.FileSensor","filename":"filesystem.py","lineno":125}
{"timestamp":"2025-12-08T19:35:50.810474Z","level":"info","event":"Poking for file /opt/airflow/data/landing/products/products_20251208.csv","logger":"airflow.task.operators.airflow.providers.standard.sensors.filesystem.FileSensor","filename":"filesystem.py","lineno":125}
{"timestamp":"2025-12-08T19:36:10.681032Z","level":"info","event":"Poking for file /opt/airflow/data/landing/products/products_20251208.csv","logger":"airflow.task.operators.airflow.providers.standard.sensors.filesystem.FileSensor","filename":"filesystem.py","lineno":125}
{"timestamp":"2025-12-08T19:36:30.583867Z","level":"info","event":"Poking for file /opt/airflow/data/landing/products/products_20251208.csv","logger":"airflow.task.operators.airflow.providers.standard.sensors.filesystem.FileSensor","filename":"filesystem.py","lineno":125}
{"timestamp":"2025-12-08T19:36:50.590321Z","level":"info","event":"Poking for file /opt/airflow/data/landing/products/products_20251208.csv","logger":"airflow.task.operators.airflow.providers.standard.sensors.filesystem.FileSensor","filename":"filesystem.py","lineno":125}
{"timestamp":"2025-12-08T19:37:10.488074Z","level":"info","event":"Poking for file /opt/airflow/data/landing/products/products_20251208.csv","logger":"airflow.task.operators.airflow.providers.standard.sensors.filesystem.FileSensor","filename":"filesystem.py","lineno":125}
{"timestamp":"2025-12-08T19:37:30.408414Z","level":"info","event":"Poking for file /opt/airflow/data/landing/products/products_20251208.csv","logger":"airflow.task.operators.airflow.providers.standard.sensors.filesystem.FileSensor","filename":"filesystem.py","lineno":125}
{"timestamp":"2025-12-08T19:37:50.411789Z","level":"info","event":"Poking for file /opt/airflow/data/landing/products/products_20251208.csv","logger":"airflow.task.operators.airflow.providers.standard.sensors.filesystem.FileSensor","filename":"filesystem.py","lineno":125}
{"timestamp":"2025-12-08T19:38:10.283453Z","level":"info","event":"Poking for file /opt/airflow/data/landing/products/products_20251208.csv","logger":"airflow.task.operators.airflow.providers.standard.sensors.filesystem.FileSensor","filename":"filesystem.py","lineno":125}
{"timestamp":"2025-12-08T19:38:29.752867Z","level":"info","event":"Poking for file /opt/airflow/data/landing/products/products_20251208.csv","logger":"airflow.task.operators.airflow.providers.standard.sensors.filesystem.FileSensor","filename":"filesystem.py","lineno":125}
{"timestamp":"2025-12-08T19:38:49.757480Z","level":"info","event":"Poking for file /opt/airflow/data/landing/products/products_20251208.csv","logger":"airflow.task.operators.airflow.providers.standard.sensors.filesystem.FileSensor","filename":"filesystem.py","lineno":125}
{"timestamp":"2025-12-08T19:38:54.858731Z","level":"error","event":"Server indicated the task shouldn't be running anymore. Terminating process","detail":{"detail":{"reason":"not_running","message":"TI is no longer in the running state and task should terminate","current_state":"removed"}},"logger":"task"}
{"timestamp":"2025-12-08T19:39:04.874712Z","level":"error","event":"Task killed!","logger":"task"}
