{"timestamp":"2025-12-08T18:37:22.620265Z","level":"info","event":"DAG bundles loaded: dags-folder, example_dags","logger":"airflow.dag_processing.bundles.manager.DagBundlesManager","filename":"manager.py","lineno":179}
{"timestamp":"2025-12-08T18:37:22.623848Z","level":"info","event":"Filling up the DagBag from /opt/airflow/dags/shopverse_daily_pipeline.py","logger":"airflow.models.dagbag.DagBag","filename":"dagbag.py","lineno":593}
{"timestamp":"2025-12-08T18:37:22.863395Z","level":"warning","event":"The `airflow.utils.task_group.TaskGroup` attribute is deprecated. Please use `'airflow.sdk.TaskGroup'`.","category":"DeprecatedImportWarning","filename":"/opt/airflow/dags/shopverse_daily_pipeline.py","lineno":4,"logger":"py.warnings"}
{"timestamp":"2025-12-08T18:37:22.863819Z","level":"warning","event":"The `airflow.operators.python.get_current_context` attribute is deprecated. Please use `'airflow.sdk.get_current_context'`.","category":"DeprecatedImportWarning","filename":"/opt/airflow/dags/shopverse_daily_pipeline.py","lineno":8,"logger":"py.warnings"}
{"timestamp":"2025-12-08T18:37:22.970852Z","level":"info","event":"Task instance is in running state","logger":"task.stdout"}
{"timestamp":"2025-12-08T18:37:22.974264Z","level":"info","event":" Previous state of the Task instance: TaskInstanceState.QUEUED","logger":"task.stdout"}
{"timestamp":"2025-12-08T18:37:22.977356Z","level":"info","event":"Current task name:wait_for_orders_file","logger":"task.stdout"}
{"timestamp":"2025-12-08T18:37:22.979607Z","level":"info","event":"Dag name:shopverse_daily_pipeline","logger":"task.stdout"}
{"timestamp":"2025-12-08T18:37:23.009415Z","level":"info","event":"Poking for file /opt/airflow/data/landing/orders/orders_20251208.json","logger":"airflow.task.operators.airflow.providers.standard.sensors.filesystem.FileSensor","filename":"filesystem.py","lineno":125}
{"timestamp":"2025-12-08T18:37:42.944188Z","level":"info","event":"Poking for file /opt/airflow/data/landing/orders/orders_20251208.json","logger":"airflow.task.operators.airflow.providers.standard.sensors.filesystem.FileSensor","filename":"filesystem.py","lineno":125}
{"timestamp":"2025-12-08T18:38:02.884531Z","level":"info","event":"Poking for file /opt/airflow/data/landing/orders/orders_20251208.json","logger":"airflow.task.operators.airflow.providers.standard.sensors.filesystem.FileSensor","filename":"filesystem.py","lineno":125}
{"timestamp":"2025-12-08T18:38:22.920939Z","level":"info","event":"Poking for file /opt/airflow/data/landing/orders/orders_20251208.json","logger":"airflow.task.operators.airflow.providers.standard.sensors.filesystem.FileSensor","filename":"filesystem.py","lineno":125}
{"timestamp":"2025-12-08T18:38:42.898094Z","level":"info","event":"Poking for file /opt/airflow/data/landing/orders/orders_20251208.json","logger":"airflow.task.operators.airflow.providers.standard.sensors.filesystem.FileSensor","filename":"filesystem.py","lineno":125}
{"timestamp":"2025-12-08T18:39:02.790162Z","level":"info","event":"Poking for file /opt/airflow/data/landing/orders/orders_20251208.json","logger":"airflow.task.operators.airflow.providers.standard.sensors.filesystem.FileSensor","filename":"filesystem.py","lineno":125}
{"timestamp":"2025-12-08T18:39:22.820867Z","level":"info","event":"Poking for file /opt/airflow/data/landing/orders/orders_20251208.json","logger":"airflow.task.operators.airflow.providers.standard.sensors.filesystem.FileSensor","filename":"filesystem.py","lineno":125}
{"timestamp":"2025-12-08T18:39:42.774440Z","level":"info","event":"Poking for file /opt/airflow/data/landing/orders/orders_20251208.json","logger":"airflow.task.operators.airflow.providers.standard.sensors.filesystem.FileSensor","filename":"filesystem.py","lineno":125}
{"timestamp":"2025-12-08T18:40:02.674774Z","level":"info","event":"Poking for file /opt/airflow/data/landing/orders/orders_20251208.json","logger":"airflow.task.operators.airflow.providers.standard.sensors.filesystem.FileSensor","filename":"filesystem.py","lineno":125}
{"timestamp":"2025-12-08T18:40:22.729913Z","level":"info","event":"Poking for file /opt/airflow/data/landing/orders/orders_20251208.json","logger":"airflow.task.operators.airflow.providers.standard.sensors.filesystem.FileSensor","filename":"filesystem.py","lineno":125}
{"timestamp":"2025-12-08T18:40:42.680536Z","level":"info","event":"Poking for file /opt/airflow/data/landing/orders/orders_20251208.json","logger":"airflow.task.operators.airflow.providers.standard.sensors.filesystem.FileSensor","filename":"filesystem.py","lineno":125}
{"timestamp":"2025-12-08T18:41:02.591023Z","level":"info","event":"Poking for file /opt/airflow/data/landing/orders/orders_20251208.json","logger":"airflow.task.operators.airflow.providers.standard.sensors.filesystem.FileSensor","filename":"filesystem.py","lineno":125}
{"timestamp":"2025-12-08T18:41:22.693068Z","level":"info","event":"Poking for file /opt/airflow/data/landing/orders/orders_20251208.json","logger":"airflow.task.operators.airflow.providers.standard.sensors.filesystem.FileSensor","filename":"filesystem.py","lineno":125}
{"timestamp":"2025-12-08T18:41:42.631750Z","level":"info","event":"Poking for file /opt/airflow/data/landing/orders/orders_20251208.json","logger":"airflow.task.operators.airflow.providers.standard.sensors.filesystem.FileSensor","filename":"filesystem.py","lineno":125}
{"timestamp":"2025-12-08T18:42:02.524526Z","level":"info","event":"Poking for file /opt/airflow/data/landing/orders/orders_20251208.json","logger":"airflow.task.operators.airflow.providers.standard.sensors.filesystem.FileSensor","filename":"filesystem.py","lineno":125}
{"timestamp":"2025-12-08T18:42:22.553387Z","level":"info","event":"Poking for file /opt/airflow/data/landing/orders/orders_20251208.json","logger":"airflow.task.operators.airflow.providers.standard.sensors.filesystem.FileSensor","filename":"filesystem.py","lineno":125}
{"timestamp":"2025-12-08T18:42:42.484265Z","level":"info","event":"Poking for file /opt/airflow/data/landing/orders/orders_20251208.json","logger":"airflow.task.operators.airflow.providers.standard.sensors.filesystem.FileSensor","filename":"filesystem.py","lineno":125}
{"timestamp":"2025-12-08T18:43:02.411427Z","level":"info","event":"Poking for file /opt/airflow/data/landing/orders/orders_20251208.json","logger":"airflow.task.operators.airflow.providers.standard.sensors.filesystem.FileSensor","filename":"filesystem.py","lineno":125}
{"timestamp":"2025-12-08T18:43:22.416267Z","level":"info","event":"Poking for file /opt/airflow/data/landing/orders/orders_20251208.json","logger":"airflow.task.operators.airflow.providers.standard.sensors.filesystem.FileSensor","filename":"filesystem.py","lineno":125}
{"timestamp":"2025-12-08T18:43:42.363625Z","level":"info","event":"Poking for file /opt/airflow/data/landing/orders/orders_20251208.json","logger":"airflow.task.operators.airflow.providers.standard.sensors.filesystem.FileSensor","filename":"filesystem.py","lineno":125}
{"timestamp":"2025-12-08T18:44:02.282019Z","level":"info","event":"Poking for file /opt/airflow/data/landing/orders/orders_20251208.json","logger":"airflow.task.operators.airflow.providers.standard.sensors.filesystem.FileSensor","filename":"filesystem.py","lineno":125}
{"timestamp":"2025-12-08T18:44:22.291914Z","level":"info","event":"Poking for file /opt/airflow/data/landing/orders/orders_20251208.json","logger":"airflow.task.operators.airflow.providers.standard.sensors.filesystem.FileSensor","filename":"filesystem.py","lineno":125}
{"timestamp":"2025-12-08T18:44:42.235537Z","level":"info","event":"Poking for file /opt/airflow/data/landing/orders/orders_20251208.json","logger":"airflow.task.operators.airflow.providers.standard.sensors.filesystem.FileSensor","filename":"filesystem.py","lineno":125}
{"timestamp":"2025-12-08T18:45:02.162822Z","level":"info","event":"Poking for file /opt/airflow/data/landing/orders/orders_20251208.json","logger":"airflow.task.operators.airflow.providers.standard.sensors.filesystem.FileSensor","filename":"filesystem.py","lineno":125}
{"timestamp":"2025-12-08T18:45:22.166514Z","level":"info","event":"Poking for file /opt/airflow/data/landing/orders/orders_20251208.json","logger":"airflow.task.operators.airflow.providers.standard.sensors.filesystem.FileSensor","filename":"filesystem.py","lineno":125}
{"timestamp":"2025-12-08T18:45:41.965666Z","level":"info","event":"Poking for file /opt/airflow/data/landing/orders/orders_20251208.json","logger":"airflow.task.operators.airflow.providers.standard.sensors.filesystem.FileSensor","filename":"filesystem.py","lineno":125}
{"timestamp":"2025-12-08T18:46:01.997858Z","level":"info","event":"Poking for file /opt/airflow/data/landing/orders/orders_20251208.json","logger":"airflow.task.operators.airflow.providers.standard.sensors.filesystem.FileSensor","filename":"filesystem.py","lineno":125}
{"timestamp":"2025-12-08T18:46:22.001199Z","level":"info","event":"Poking for file /opt/airflow/data/landing/orders/orders_20251208.json","logger":"airflow.task.operators.airflow.providers.standard.sensors.filesystem.FileSensor","filename":"filesystem.py","lineno":125}
{"timestamp":"2025-12-08T18:46:41.948102Z","level":"info","event":"Poking for file /opt/airflow/data/landing/orders/orders_20251208.json","logger":"airflow.task.operators.airflow.providers.standard.sensors.filesystem.FileSensor","filename":"filesystem.py","lineno":125}
{"timestamp":"2025-12-08T18:47:01.931495Z","level":"info","event":"Poking for file /opt/airflow/data/landing/orders/orders_20251208.json","logger":"airflow.task.operators.airflow.providers.standard.sensors.filesystem.FileSensor","filename":"filesystem.py","lineno":125}
{"timestamp":"2025-12-08T18:47:21.937850Z","level":"info","event":"Poking for file /opt/airflow/data/landing/orders/orders_20251208.json","logger":"airflow.task.operators.airflow.providers.standard.sensors.filesystem.FileSensor","filename":"filesystem.py","lineno":125}
{"timestamp":"2025-12-08T18:47:41.853078Z","level":"info","event":"Poking for file /opt/airflow/data/landing/orders/orders_20251208.json","logger":"airflow.task.operators.airflow.providers.standard.sensors.filesystem.FileSensor","filename":"filesystem.py","lineno":125}
{"timestamp":"2025-12-08T18:48:01.776159Z","level":"info","event":"Poking for file /opt/airflow/data/landing/orders/orders_20251208.json","logger":"airflow.task.operators.airflow.providers.standard.sensors.filesystem.FileSensor","filename":"filesystem.py","lineno":125}
{"timestamp":"2025-12-08T18:48:21.781310Z","level":"info","event":"Poking for file /opt/airflow/data/landing/orders/orders_20251208.json","logger":"airflow.task.operators.airflow.providers.standard.sensors.filesystem.FileSensor","filename":"filesystem.py","lineno":125}
{"timestamp":"2025-12-08T18:48:41.692716Z","level":"info","event":"Poking for file /opt/airflow/data/landing/orders/orders_20251208.json","logger":"airflow.task.operators.airflow.providers.standard.sensors.filesystem.FileSensor","filename":"filesystem.py","lineno":125}
{"timestamp":"2025-12-08T18:49:01.619759Z","level":"info","event":"Poking for file /opt/airflow/data/landing/orders/orders_20251208.json","logger":"airflow.task.operators.airflow.providers.standard.sensors.filesystem.FileSensor","filename":"filesystem.py","lineno":125}
{"timestamp":"2025-12-08T18:49:21.626567Z","level":"info","event":"Poking for file /opt/airflow/data/landing/orders/orders_20251208.json","logger":"airflow.task.operators.airflow.providers.standard.sensors.filesystem.FileSensor","filename":"filesystem.py","lineno":125}
{"timestamp":"2025-12-08T18:49:41.562848Z","level":"info","event":"Poking for file /opt/airflow/data/landing/orders/orders_20251208.json","logger":"airflow.task.operators.airflow.providers.standard.sensors.filesystem.FileSensor","filename":"filesystem.py","lineno":125}
{"timestamp":"2025-12-08T18:50:01.521483Z","level":"info","event":"Poking for file /opt/airflow/data/landing/orders/orders_20251208.json","logger":"airflow.task.operators.airflow.providers.standard.sensors.filesystem.FileSensor","filename":"filesystem.py","lineno":125}
{"timestamp":"2025-12-08T18:50:21.550283Z","level":"info","event":"Poking for file /opt/airflow/data/landing/orders/orders_20251208.json","logger":"airflow.task.operators.airflow.providers.standard.sensors.filesystem.FileSensor","filename":"filesystem.py","lineno":125}
{"timestamp":"2025-12-08T18:50:41.476964Z","level":"info","event":"Poking for file /opt/airflow/data/landing/orders/orders_20251208.json","logger":"airflow.task.operators.airflow.providers.standard.sensors.filesystem.FileSensor","filename":"filesystem.py","lineno":125}
{"timestamp":"2025-12-08T18:51:01.405803Z","level":"info","event":"Poking for file /opt/airflow/data/landing/orders/orders_20251208.json","logger":"airflow.task.operators.airflow.providers.standard.sensors.filesystem.FileSensor","filename":"filesystem.py","lineno":125}
{"timestamp":"2025-12-08T18:51:21.438192Z","level":"info","event":"Poking for file /opt/airflow/data/landing/orders/orders_20251208.json","logger":"airflow.task.operators.airflow.providers.standard.sensors.filesystem.FileSensor","filename":"filesystem.py","lineno":125}
{"timestamp":"2025-12-08T18:51:41.372994Z","level":"info","event":"Poking for file /opt/airflow/data/landing/orders/orders_20251208.json","logger":"airflow.task.operators.airflow.providers.standard.sensors.filesystem.FileSensor","filename":"filesystem.py","lineno":125}
{"timestamp":"2025-12-08T18:52:01.250132Z","level":"info","event":"Poking for file /opt/airflow/data/landing/orders/orders_20251208.json","logger":"airflow.task.operators.airflow.providers.standard.sensors.filesystem.FileSensor","filename":"filesystem.py","lineno":125}
{"timestamp":"2025-12-08T18:52:21.291469Z","level":"info","event":"Poking for file /opt/airflow/data/landing/orders/orders_20251208.json","logger":"airflow.task.operators.airflow.providers.standard.sensors.filesystem.FileSensor","filename":"filesystem.py","lineno":125}
{"timestamp":"2025-12-08T18:52:41.220622Z","level":"info","event":"Poking for file /opt/airflow/data/landing/orders/orders_20251208.json","logger":"airflow.task.operators.airflow.providers.standard.sensors.filesystem.FileSensor","filename":"filesystem.py","lineno":125}
{"timestamp":"2025-12-08T18:53:01.159512Z","level":"info","event":"Poking for file /opt/airflow/data/landing/orders/orders_20251208.json","logger":"airflow.task.operators.airflow.providers.standard.sensors.filesystem.FileSensor","filename":"filesystem.py","lineno":125}
{"timestamp":"2025-12-08T18:53:21.205379Z","level":"info","event":"Poking for file /opt/airflow/data/landing/orders/orders_20251208.json","logger":"airflow.task.operators.airflow.providers.standard.sensors.filesystem.FileSensor","filename":"filesystem.py","lineno":125}
{"timestamp":"2025-12-08T18:53:41.110598Z","level":"info","event":"Poking for file /opt/airflow/data/landing/orders/orders_20251208.json","logger":"airflow.task.operators.airflow.providers.standard.sensors.filesystem.FileSensor","filename":"filesystem.py","lineno":125}
{"timestamp":"2025-12-08T18:54:01.040383Z","level":"info","event":"Poking for file /opt/airflow/data/landing/orders/orders_20251208.json","logger":"airflow.task.operators.airflow.providers.standard.sensors.filesystem.FileSensor","filename":"filesystem.py","lineno":125}
{"timestamp":"2025-12-08T18:54:21.067789Z","level":"info","event":"Poking for file /opt/airflow/data/landing/orders/orders_20251208.json","logger":"airflow.task.operators.airflow.providers.standard.sensors.filesystem.FileSensor","filename":"filesystem.py","lineno":125}
{"timestamp":"2025-12-08T18:54:41.012889Z","level":"info","event":"Poking for file /opt/airflow/data/landing/orders/orders_20251208.json","logger":"airflow.task.operators.airflow.providers.standard.sensors.filesystem.FileSensor","filename":"filesystem.py","lineno":125}
{"timestamp":"2025-12-08T18:55:00.989185Z","level":"info","event":"Poking for file /opt/airflow/data/landing/orders/orders_20251208.json","logger":"airflow.task.operators.airflow.providers.standard.sensors.filesystem.FileSensor","filename":"filesystem.py","lineno":125}
{"timestamp":"2025-12-08T18:55:20.991918Z","level":"info","event":"Poking for file /opt/airflow/data/landing/orders/orders_20251208.json","logger":"airflow.task.operators.airflow.providers.standard.sensors.filesystem.FileSensor","filename":"filesystem.py","lineno":125}
{"timestamp":"2025-12-08T18:55:40.908363Z","level":"info","event":"Poking for file /opt/airflow/data/landing/orders/orders_20251208.json","logger":"airflow.task.operators.airflow.providers.standard.sensors.filesystem.FileSensor","filename":"filesystem.py","lineno":125}
{"timestamp":"2025-12-08T18:56:00.838083Z","level":"info","event":"Poking for file /opt/airflow/data/landing/orders/orders_20251208.json","logger":"airflow.task.operators.airflow.providers.standard.sensors.filesystem.FileSensor","filename":"filesystem.py","lineno":125}
{"timestamp":"2025-12-08T18:56:20.867981Z","level":"info","event":"Poking for file /opt/airflow/data/landing/orders/orders_20251208.json","logger":"airflow.task.operators.airflow.providers.standard.sensors.filesystem.FileSensor","filename":"filesystem.py","lineno":125}
{"timestamp":"2025-12-08T18:56:40.794719Z","level":"info","event":"Poking for file /opt/airflow/data/landing/orders/orders_20251208.json","logger":"airflow.task.operators.airflow.providers.standard.sensors.filesystem.FileSensor","filename":"filesystem.py","lineno":125}
{"timestamp":"2025-12-08T18:57:00.695057Z","level":"info","event":"Poking for file /opt/airflow/data/landing/orders/orders_20251208.json","logger":"airflow.task.operators.airflow.providers.standard.sensors.filesystem.FileSensor","filename":"filesystem.py","lineno":125}
{"timestamp":"2025-12-08T18:57:20.838332Z","level":"info","event":"Poking for file /opt/airflow/data/landing/orders/orders_20251208.json","logger":"airflow.task.operators.airflow.providers.standard.sensors.filesystem.FileSensor","filename":"filesystem.py","lineno":125}
{"timestamp":"2025-12-08T18:57:20.850214Z","level":"error","event":"Task failed with exception","logger":"task","filename":"task_runner.py","lineno":969,"error_detail":[{"exc_type":"AirflowSensorTimeout","exc_value":"Sensor has timed out; run duration of 1201.478563267001 seconds exceeds the specified timeout of 1200.0.","exc_notes":[],"syntax_error":null,"is_cause":false,"frames":[{"filename":"/home/airflow/.local/lib/python3.12/site-packages/airflow/sdk/execution_time/task_runner.py","lineno":928,"name":"run"},{"filename":"/home/airflow/.local/lib/python3.12/site-packages/airflow/sdk/execution_time/task_runner.py","lineno":1315,"name":"_execute_task"},{"filename":"/home/airflow/.local/lib/python3.12/site-packages/airflow/sdk/bases/operator.py","lineno":416,"name":"wrapper"},{"filename":"/home/airflow/.local/lib/python3.12/site-packages/airflow/providers/standard/sensors/filesystem.py","lineno":139,"name":"execute"},{"filename":"/home/airflow/.local/lib/python3.12/site-packages/airflow/sdk/bases/operator.py","lineno":416,"name":"wrapper"},{"filename":"/home/airflow/.local/lib/python3.12/site-packages/airflow/sdk/bases/sensor.py","lineno":243,"name":"execute"}],"is_group":false,"exceptions":[]}]}
{"timestamp":"2025-12-08T18:57:20.878943Z","level":"info","event":"Task instance in failure state","logger":"task.stdout"}
{"timestamp":"2025-12-08T18:57:20.890792Z","level":"info","event":"Task start","logger":"task.stdout"}
{"timestamp":"2025-12-08T18:57:20.891638Z","level":"info","event":"Task:<Task(FileSensor): wait_for_orders_file>","logger":"task.stdout"}
{"timestamp":"2025-12-08T18:57:20.892291Z","level":"info","event":"Failure caused by Sensor has timed out; run duration of 1201.478563267001 seconds exceeds the specified timeout of 1200.0.","logger":"task.stdout"}
