{"timestamp":"2025-12-08T18:37:22.585280Z","level":"info","event":"DAG bundles loaded: dags-folder, example_dags","logger":"airflow.dag_processing.bundles.manager.DagBundlesManager","filename":"manager.py","lineno":179}
{"timestamp":"2025-12-08T18:37:22.588839Z","level":"info","event":"Filling up the DagBag from /opt/airflow/dags/shopverse_daily_pipeline.py","logger":"airflow.models.dagbag.DagBag","filename":"dagbag.py","lineno":593}
{"timestamp":"2025-12-08T18:37:22.844878Z","level":"warning","event":"The `airflow.utils.task_group.TaskGroup` attribute is deprecated. Please use `'airflow.sdk.TaskGroup'`.","category":"DeprecatedImportWarning","filename":"/opt/airflow/dags/shopverse_daily_pipeline.py","lineno":4,"logger":"py.warnings"}
{"timestamp":"2025-12-08T18:37:22.845248Z","level":"warning","event":"The `airflow.operators.python.get_current_context` attribute is deprecated. Please use `'airflow.sdk.get_current_context'`.","category":"DeprecatedImportWarning","filename":"/opt/airflow/dags/shopverse_daily_pipeline.py","lineno":8,"logger":"py.warnings"}
{"timestamp":"2025-12-08T18:37:22.936699Z","level":"info","event":"Task instance is in running state","logger":"task.stdout"}
{"timestamp":"2025-12-08T18:37:22.938951Z","level":"info","event":" Previous state of the Task instance: TaskInstanceState.QUEUED","logger":"task.stdout"}
{"timestamp":"2025-12-08T18:37:22.940731Z","level":"info","event":"Current task name:wait_for_customers_file","logger":"task.stdout"}
{"timestamp":"2025-12-08T18:37:22.941739Z","level":"info","event":"Dag name:shopverse_daily_pipeline","logger":"task.stdout"}
{"timestamp":"2025-12-08T18:37:22.985534Z","level":"info","event":"Poking for file /opt/airflow/data/landing/customers/customers_20251208.csv","logger":"airflow.task.operators.airflow.providers.standard.sensors.filesystem.FileSensor","filename":"filesystem.py","lineno":125}
{"timestamp":"2025-12-08T18:37:42.924084Z","level":"info","event":"Poking for file /opt/airflow/data/landing/customers/customers_20251208.csv","logger":"airflow.task.operators.airflow.providers.standard.sensors.filesystem.FileSensor","filename":"filesystem.py","lineno":125}
{"timestamp":"2025-12-08T18:38:02.859314Z","level":"info","event":"Poking for file /opt/airflow/data/landing/customers/customers_20251208.csv","logger":"airflow.task.operators.airflow.providers.standard.sensors.filesystem.FileSensor","filename":"filesystem.py","lineno":125}
{"timestamp":"2025-12-08T18:38:22.893212Z","level":"info","event":"Poking for file /opt/airflow/data/landing/customers/customers_20251208.csv","logger":"airflow.task.operators.airflow.providers.standard.sensors.filesystem.FileSensor","filename":"filesystem.py","lineno":125}
{"timestamp":"2025-12-08T18:38:42.892530Z","level":"info","event":"Poking for file /opt/airflow/data/landing/customers/customers_20251208.csv","logger":"airflow.task.operators.airflow.providers.standard.sensors.filesystem.FileSensor","filename":"filesystem.py","lineno":125}
{"timestamp":"2025-12-08T18:39:02.789384Z","level":"info","event":"Poking for file /opt/airflow/data/landing/customers/customers_20251208.csv","logger":"airflow.task.operators.airflow.providers.standard.sensors.filesystem.FileSensor","filename":"filesystem.py","lineno":125}
{"timestamp":"2025-12-08T18:39:22.817807Z","level":"info","event":"Poking for file /opt/airflow/data/landing/customers/customers_20251208.csv","logger":"airflow.task.operators.airflow.providers.standard.sensors.filesystem.FileSensor","filename":"filesystem.py","lineno":125}
{"timestamp":"2025-12-08T18:39:42.766781Z","level":"info","event":"Poking for file /opt/airflow/data/landing/customers/customers_20251208.csv","logger":"airflow.task.operators.airflow.providers.standard.sensors.filesystem.FileSensor","filename":"filesystem.py","lineno":125}
{"timestamp":"2025-12-08T18:40:02.659788Z","level":"info","event":"Poking for file /opt/airflow/data/landing/customers/customers_20251208.csv","logger":"airflow.task.operators.airflow.providers.standard.sensors.filesystem.FileSensor","filename":"filesystem.py","lineno":125}
{"timestamp":"2025-12-08T18:40:22.741088Z","level":"info","event":"Poking for file /opt/airflow/data/landing/customers/customers_20251208.csv","logger":"airflow.task.operators.airflow.providers.standard.sensors.filesystem.FileSensor","filename":"filesystem.py","lineno":125}
{"timestamp":"2025-12-08T18:40:42.690816Z","level":"info","event":"Poking for file /opt/airflow/data/landing/customers/customers_20251208.csv","logger":"airflow.task.operators.airflow.providers.standard.sensors.filesystem.FileSensor","filename":"filesystem.py","lineno":125}
{"timestamp":"2025-12-08T18:41:02.612354Z","level":"info","event":"Poking for file /opt/airflow/data/landing/customers/customers_20251208.csv","logger":"airflow.task.operators.airflow.providers.standard.sensors.filesystem.FileSensor","filename":"filesystem.py","lineno":125}
{"timestamp":"2025-12-08T18:41:22.723827Z","level":"info","event":"Poking for file /opt/airflow/data/landing/customers/customers_20251208.csv","logger":"airflow.task.operators.airflow.providers.standard.sensors.filesystem.FileSensor","filename":"filesystem.py","lineno":125}
{"timestamp":"2025-12-08T18:41:42.663156Z","level":"info","event":"Poking for file /opt/airflow/data/landing/customers/customers_20251208.csv","logger":"airflow.task.operators.airflow.providers.standard.sensors.filesystem.FileSensor","filename":"filesystem.py","lineno":125}
{"timestamp":"2025-12-08T18:42:02.555835Z","level":"info","event":"Poking for file /opt/airflow/data/landing/customers/customers_20251208.csv","logger":"airflow.task.operators.airflow.providers.standard.sensors.filesystem.FileSensor","filename":"filesystem.py","lineno":125}
{"timestamp":"2025-12-08T18:42:22.597321Z","level":"info","event":"Poking for file /opt/airflow/data/landing/customers/customers_20251208.csv","logger":"airflow.task.operators.airflow.providers.standard.sensors.filesystem.FileSensor","filename":"filesystem.py","lineno":125}
{"timestamp":"2025-12-08T18:42:42.526418Z","level":"info","event":"Poking for file /opt/airflow/data/landing/customers/customers_20251208.csv","logger":"airflow.task.operators.airflow.providers.standard.sensors.filesystem.FileSensor","filename":"filesystem.py","lineno":125}
{"timestamp":"2025-12-08T18:43:02.451992Z","level":"info","event":"Poking for file /opt/airflow/data/landing/customers/customers_20251208.csv","logger":"airflow.task.operators.airflow.providers.standard.sensors.filesystem.FileSensor","filename":"filesystem.py","lineno":125}
{"timestamp":"2025-12-08T18:43:22.456274Z","level":"info","event":"Poking for file /opt/airflow/data/landing/customers/customers_20251208.csv","logger":"airflow.task.operators.airflow.providers.standard.sensors.filesystem.FileSensor","filename":"filesystem.py","lineno":125}
{"timestamp":"2025-12-08T18:43:42.399208Z","level":"info","event":"Poking for file /opt/airflow/data/landing/customers/customers_20251208.csv","logger":"airflow.task.operators.airflow.providers.standard.sensors.filesystem.FileSensor","filename":"filesystem.py","lineno":125}
{"timestamp":"2025-12-08T18:44:02.316788Z","level":"info","event":"Poking for file /opt/airflow/data/landing/customers/customers_20251208.csv","logger":"airflow.task.operators.airflow.providers.standard.sensors.filesystem.FileSensor","filename":"filesystem.py","lineno":125}
{"timestamp":"2025-12-08T18:44:22.324864Z","level":"info","event":"Poking for file /opt/airflow/data/landing/customers/customers_20251208.csv","logger":"airflow.task.operators.airflow.providers.standard.sensors.filesystem.FileSensor","filename":"filesystem.py","lineno":125}
{"timestamp":"2025-12-08T18:44:42.251216Z","level":"info","event":"Poking for file /opt/airflow/data/landing/customers/customers_20251208.csv","logger":"airflow.task.operators.airflow.providers.standard.sensors.filesystem.FileSensor","filename":"filesystem.py","lineno":125}
{"timestamp":"2025-12-08T18:45:02.177319Z","level":"info","event":"Poking for file /opt/airflow/data/landing/customers/customers_20251208.csv","logger":"airflow.task.operators.airflow.providers.standard.sensors.filesystem.FileSensor","filename":"filesystem.py","lineno":125}
{"timestamp":"2025-12-08T18:45:22.181140Z","level":"info","event":"Poking for file /opt/airflow/data/landing/customers/customers_20251208.csv","logger":"airflow.task.operators.airflow.providers.standard.sensors.filesystem.FileSensor","filename":"filesystem.py","lineno":125}
{"timestamp":"2025-12-08T18:45:41.980895Z","level":"info","event":"Poking for file /opt/airflow/data/landing/customers/customers_20251208.csv","logger":"airflow.task.operators.airflow.providers.standard.sensors.filesystem.FileSensor","filename":"filesystem.py","lineno":125}
{"timestamp":"2025-12-08T18:46:01.980319Z","level":"info","event":"Poking for file /opt/airflow/data/landing/customers/customers_20251208.csv","logger":"airflow.task.operators.airflow.providers.standard.sensors.filesystem.FileSensor","filename":"filesystem.py","lineno":125}
{"timestamp":"2025-12-08T18:46:21.984112Z","level":"info","event":"Poking for file /opt/airflow/data/landing/customers/customers_20251208.csv","logger":"airflow.task.operators.airflow.providers.standard.sensors.filesystem.FileSensor","filename":"filesystem.py","lineno":125}
{"timestamp":"2025-12-08T18:46:41.915248Z","level":"info","event":"Poking for file /opt/airflow/data/landing/customers/customers_20251208.csv","logger":"airflow.task.operators.airflow.providers.standard.sensors.filesystem.FileSensor","filename":"filesystem.py","lineno":125}
{"timestamp":"2025-12-08T18:47:01.913976Z","level":"info","event":"Poking for file /opt/airflow/data/landing/customers/customers_20251208.csv","logger":"airflow.task.operators.airflow.providers.standard.sensors.filesystem.FileSensor","filename":"filesystem.py","lineno":125}
{"timestamp":"2025-12-08T18:47:21.918227Z","level":"info","event":"Poking for file /opt/airflow/data/landing/customers/customers_20251208.csv","logger":"airflow.task.operators.airflow.providers.standard.sensors.filesystem.FileSensor","filename":"filesystem.py","lineno":125}
{"timestamp":"2025-12-08T18:47:41.832950Z","level":"info","event":"Poking for file /opt/airflow/data/landing/customers/customers_20251208.csv","logger":"airflow.task.operators.airflow.providers.standard.sensors.filesystem.FileSensor","filename":"filesystem.py","lineno":125}
{"timestamp":"2025-12-08T18:48:01.761767Z","level":"info","event":"Poking for file /opt/airflow/data/landing/customers/customers_20251208.csv","logger":"airflow.task.operators.airflow.providers.standard.sensors.filesystem.FileSensor","filename":"filesystem.py","lineno":125}
{"timestamp":"2025-12-08T18:48:21.769223Z","level":"info","event":"Poking for file /opt/airflow/data/landing/customers/customers_20251208.csv","logger":"airflow.task.operators.airflow.providers.standard.sensors.filesystem.FileSensor","filename":"filesystem.py","lineno":125}
{"timestamp":"2025-12-08T18:48:41.681466Z","level":"info","event":"Poking for file /opt/airflow/data/landing/customers/customers_20251208.csv","logger":"airflow.task.operators.airflow.providers.standard.sensors.filesystem.FileSensor","filename":"filesystem.py","lineno":125}
{"timestamp":"2025-12-08T18:49:01.608147Z","level":"info","event":"Poking for file /opt/airflow/data/landing/customers/customers_20251208.csv","logger":"airflow.task.operators.airflow.providers.standard.sensors.filesystem.FileSensor","filename":"filesystem.py","lineno":125}
{"timestamp":"2025-12-08T18:49:21.614572Z","level":"info","event":"Poking for file /opt/airflow/data/landing/customers/customers_20251208.csv","logger":"airflow.task.operators.airflow.providers.standard.sensors.filesystem.FileSensor","filename":"filesystem.py","lineno":125}
{"timestamp":"2025-12-08T18:49:41.555412Z","level":"info","event":"Poking for file /opt/airflow/data/landing/customers/customers_20251208.csv","logger":"airflow.task.operators.airflow.providers.standard.sensors.filesystem.FileSensor","filename":"filesystem.py","lineno":125}
{"timestamp":"2025-12-08T18:50:01.504541Z","level":"info","event":"Poking for file /opt/airflow/data/landing/customers/customers_20251208.csv","logger":"airflow.task.operators.airflow.providers.standard.sensors.filesystem.FileSensor","filename":"filesystem.py","lineno":125}
{"timestamp":"2025-12-08T18:50:21.530463Z","level":"info","event":"Poking for file /opt/airflow/data/landing/customers/customers_20251208.csv","logger":"airflow.task.operators.airflow.providers.standard.sensors.filesystem.FileSensor","filename":"filesystem.py","lineno":125}
{"timestamp":"2025-12-08T18:50:41.456796Z","level":"info","event":"Poking for file /opt/airflow/data/landing/customers/customers_20251208.csv","logger":"airflow.task.operators.airflow.providers.standard.sensors.filesystem.FileSensor","filename":"filesystem.py","lineno":125}
{"timestamp":"2025-12-08T18:51:01.389513Z","level":"info","event":"Poking for file /opt/airflow/data/landing/customers/customers_20251208.csv","logger":"airflow.task.operators.airflow.providers.standard.sensors.filesystem.FileSensor","filename":"filesystem.py","lineno":125}
{"timestamp":"2025-12-08T18:51:21.442046Z","level":"info","event":"Poking for file /opt/airflow/data/landing/customers/customers_20251208.csv","logger":"airflow.task.operators.airflow.providers.standard.sensors.filesystem.FileSensor","filename":"filesystem.py","lineno":125}
{"timestamp":"2025-12-08T18:51:41.377280Z","level":"info","event":"Poking for file /opt/airflow/data/landing/customers/customers_20251208.csv","logger":"airflow.task.operators.airflow.providers.standard.sensors.filesystem.FileSensor","filename":"filesystem.py","lineno":125}
{"timestamp":"2025-12-08T18:52:01.259032Z","level":"info","event":"Poking for file /opt/airflow/data/landing/customers/customers_20251208.csv","logger":"airflow.task.operators.airflow.providers.standard.sensors.filesystem.FileSensor","filename":"filesystem.py","lineno":125}
{"timestamp":"2025-12-08T18:52:21.301712Z","level":"info","event":"Poking for file /opt/airflow/data/landing/customers/customers_20251208.csv","logger":"airflow.task.operators.airflow.providers.standard.sensors.filesystem.FileSensor","filename":"filesystem.py","lineno":125}
{"timestamp":"2025-12-08T18:52:41.229129Z","level":"info","event":"Poking for file /opt/airflow/data/landing/customers/customers_20251208.csv","logger":"airflow.task.operators.airflow.providers.standard.sensors.filesystem.FileSensor","filename":"filesystem.py","lineno":125}
{"timestamp":"2025-12-08T18:53:01.165762Z","level":"info","event":"Poking for file /opt/airflow/data/landing/customers/customers_20251208.csv","logger":"airflow.task.operators.airflow.providers.standard.sensors.filesystem.FileSensor","filename":"filesystem.py","lineno":125}
{"timestamp":"2025-12-08T18:53:21.200956Z","level":"info","event":"Poking for file /opt/airflow/data/landing/customers/customers_20251208.csv","logger":"airflow.task.operators.airflow.providers.standard.sensors.filesystem.FileSensor","filename":"filesystem.py","lineno":125}
{"timestamp":"2025-12-08T18:53:41.102782Z","level":"info","event":"Poking for file /opt/airflow/data/landing/customers/customers_20251208.csv","logger":"airflow.task.operators.airflow.providers.standard.sensors.filesystem.FileSensor","filename":"filesystem.py","lineno":125}
{"timestamp":"2025-12-08T18:54:01.044913Z","level":"info","event":"Poking for file /opt/airflow/data/landing/customers/customers_20251208.csv","logger":"airflow.task.operators.airflow.providers.standard.sensors.filesystem.FileSensor","filename":"filesystem.py","lineno":125}
{"timestamp":"2025-12-08T18:54:21.099539Z","level":"info","event":"Poking for file /opt/airflow/data/landing/customers/customers_20251208.csv","logger":"airflow.task.operators.airflow.providers.standard.sensors.filesystem.FileSensor","filename":"filesystem.py","lineno":125}
{"timestamp":"2025-12-08T18:54:41.038664Z","level":"info","event":"Poking for file /opt/airflow/data/landing/customers/customers_20251208.csv","logger":"airflow.task.operators.airflow.providers.standard.sensors.filesystem.FileSensor","filename":"filesystem.py","lineno":125}
{"timestamp":"2025-12-08T18:55:00.987140Z","level":"info","event":"Poking for file /opt/airflow/data/landing/customers/customers_20251208.csv","logger":"airflow.task.operators.airflow.providers.standard.sensors.filesystem.FileSensor","filename":"filesystem.py","lineno":125}
{"timestamp":"2025-12-08T18:55:20.991473Z","level":"info","event":"Poking for file /opt/airflow/data/landing/customers/customers_20251208.csv","logger":"airflow.task.operators.airflow.providers.standard.sensors.filesystem.FileSensor","filename":"filesystem.py","lineno":125}
{"timestamp":"2025-12-08T18:55:40.906575Z","level":"info","event":"Poking for file /opt/airflow/data/landing/customers/customers_20251208.csv","logger":"airflow.task.operators.airflow.providers.standard.sensors.filesystem.FileSensor","filename":"filesystem.py","lineno":125}
{"timestamp":"2025-12-08T18:56:00.841401Z","level":"info","event":"Poking for file /opt/airflow/data/landing/customers/customers_20251208.csv","logger":"airflow.task.operators.airflow.providers.standard.sensors.filesystem.FileSensor","filename":"filesystem.py","lineno":125}
{"timestamp":"2025-12-08T18:56:20.872333Z","level":"info","event":"Poking for file /opt/airflow/data/landing/customers/customers_20251208.csv","logger":"airflow.task.operators.airflow.providers.standard.sensors.filesystem.FileSensor","filename":"filesystem.py","lineno":125}
{"timestamp":"2025-12-08T18:56:40.799609Z","level":"info","event":"Poking for file /opt/airflow/data/landing/customers/customers_20251208.csv","logger":"airflow.task.operators.airflow.providers.standard.sensors.filesystem.FileSensor","filename":"filesystem.py","lineno":125}
{"timestamp":"2025-12-08T18:57:00.708115Z","level":"info","event":"Poking for file /opt/airflow/data/landing/customers/customers_20251208.csv","logger":"airflow.task.operators.airflow.providers.standard.sensors.filesystem.FileSensor","filename":"filesystem.py","lineno":125}
{"timestamp":"2025-12-08T18:57:20.835574Z","level":"info","event":"Poking for file /opt/airflow/data/landing/customers/customers_20251208.csv","logger":"airflow.task.operators.airflow.providers.standard.sensors.filesystem.FileSensor","filename":"filesystem.py","lineno":125}
{"timestamp":"2025-12-08T18:57:20.848607Z","level":"error","event":"Task failed with exception","logger":"task","filename":"task_runner.py","lineno":969,"error_detail":[{"exc_type":"AirflowSensorTimeout","exc_value":"Sensor has timed out; run duration of 1201.5087217190012 seconds exceeds the specified timeout of 1200.0.","exc_notes":[],"syntax_error":null,"is_cause":false,"frames":[{"filename":"/home/airflow/.local/lib/python3.12/site-packages/airflow/sdk/execution_time/task_runner.py","lineno":928,"name":"run"},{"filename":"/home/airflow/.local/lib/python3.12/site-packages/airflow/sdk/execution_time/task_runner.py","lineno":1315,"name":"_execute_task"},{"filename":"/home/airflow/.local/lib/python3.12/site-packages/airflow/sdk/bases/operator.py","lineno":416,"name":"wrapper"},{"filename":"/home/airflow/.local/lib/python3.12/site-packages/airflow/providers/standard/sensors/filesystem.py","lineno":139,"name":"execute"},{"filename":"/home/airflow/.local/lib/python3.12/site-packages/airflow/sdk/bases/operator.py","lineno":416,"name":"wrapper"},{"filename":"/home/airflow/.local/lib/python3.12/site-packages/airflow/sdk/bases/sensor.py","lineno":243,"name":"execute"}],"is_group":false,"exceptions":[]}]}
{"timestamp":"2025-12-08T18:57:20.869161Z","level":"info","event":"Task instance in failure state","logger":"task.stdout"}
{"timestamp":"2025-12-08T18:57:20.880169Z","level":"info","event":"Task start","logger":"task.stdout"}
{"timestamp":"2025-12-08T18:57:20.885922Z","level":"info","event":"Task:<Task(FileSensor): wait_for_customers_file>","logger":"task.stdout"}
{"timestamp":"2025-12-08T18:57:20.886854Z","level":"info","event":"Failure caused by Sensor has timed out; run duration of 1201.5087217190012 seconds exceeds the specified timeout of 1200.0.","logger":"task.stdout"}
