{"timestamp":"2025-12-08T19:25:31.887742Z","level":"info","event":"DAG bundles loaded: dags-folder, example_dags","logger":"airflow.dag_processing.bundles.manager.DagBundlesManager","filename":"manager.py","lineno":179}
{"timestamp":"2025-12-08T19:25:31.891287Z","level":"info","event":"Filling up the DagBag from /opt/airflow/dags/shopverse_daily_pipeline.py","logger":"airflow.models.dagbag.DagBag","filename":"dagbag.py","lineno":593}
{"timestamp":"2025-12-08T19:25:32.517301Z","level":"warning","event":"The `airflow.utils.task_group.TaskGroup` attribute is deprecated. Please use `'airflow.sdk.TaskGroup'`.","category":"DeprecatedImportWarning","filename":"/opt/airflow/dags/shopverse_daily_pipeline.py","lineno":4,"logger":"py.warnings"}
{"timestamp":"2025-12-08T19:25:32.517704Z","level":"warning","event":"The `airflow.operators.python.get_current_context` attribute is deprecated. Please use `'airflow.sdk.get_current_context'`.","category":"DeprecatedImportWarning","filename":"/opt/airflow/dags/shopverse_daily_pipeline.py","lineno":8,"logger":"py.warnings"}
{"timestamp":"2025-12-08T19:25:32.645849Z","level":"info","event":"Task instance is in running state","logger":"task.stdout"}
{"timestamp":"2025-12-08T19:25:32.646713Z","level":"info","event":" Previous state of the Task instance: TaskInstanceState.QUEUED","logger":"task.stdout"}
{"timestamp":"2025-12-08T19:25:32.647696Z","level":"info","event":"Current task name:wait_for_customers_file","logger":"task.stdout"}
{"timestamp":"2025-12-08T19:25:32.648673Z","level":"info","event":"Dag name:shopverse_daily_pipeline","logger":"task.stdout"}
{"timestamp":"2025-12-08T19:25:32.676489Z","level":"info","event":"Poking for file /opt/airflow/data/landing/customers/customers_20251208.csv","logger":"airflow.task.operators.airflow.providers.standard.sensors.filesystem.FileSensor","filename":"filesystem.py","lineno":125}
{"timestamp":"2025-12-08T19:25:52.695272Z","level":"info","event":"Poking for file /opt/airflow/data/landing/customers/customers_20251208.csv","logger":"airflow.task.operators.airflow.providers.standard.sensors.filesystem.FileSensor","filename":"filesystem.py","lineno":125}
{"timestamp":"2025-12-08T19:26:12.584727Z","level":"info","event":"Poking for file /opt/airflow/data/landing/customers/customers_20251208.csv","logger":"airflow.task.operators.airflow.providers.standard.sensors.filesystem.FileSensor","filename":"filesystem.py","lineno":125}
{"timestamp":"2025-12-08T19:26:32.497240Z","level":"info","event":"Poking for file /opt/airflow/data/landing/customers/customers_20251208.csv","logger":"airflow.task.operators.airflow.providers.standard.sensors.filesystem.FileSensor","filename":"filesystem.py","lineno":125}
{"timestamp":"2025-12-08T19:26:52.504005Z","level":"info","event":"Poking for file /opt/airflow/data/landing/customers/customers_20251208.csv","logger":"airflow.task.operators.airflow.providers.standard.sensors.filesystem.FileSensor","filename":"filesystem.py","lineno":125}
{"timestamp":"2025-12-08T19:27:12.413825Z","level":"info","event":"Poking for file /opt/airflow/data/landing/customers/customers_20251208.csv","logger":"airflow.task.operators.airflow.providers.standard.sensors.filesystem.FileSensor","filename":"filesystem.py","lineno":125}
{"timestamp":"2025-12-08T19:27:32.295642Z","level":"info","event":"Poking for file /opt/airflow/data/landing/customers/customers_20251208.csv","logger":"airflow.task.operators.airflow.providers.standard.sensors.filesystem.FileSensor","filename":"filesystem.py","lineno":125}
{"timestamp":"2025-12-08T19:27:52.302067Z","level":"info","event":"Poking for file /opt/airflow/data/landing/customers/customers_20251208.csv","logger":"airflow.task.operators.airflow.providers.standard.sensors.filesystem.FileSensor","filename":"filesystem.py","lineno":125}
{"timestamp":"2025-12-08T19:28:12.188894Z","level":"info","event":"Poking for file /opt/airflow/data/landing/customers/customers_20251208.csv","logger":"airflow.task.operators.airflow.providers.standard.sensors.filesystem.FileSensor","filename":"filesystem.py","lineno":125}
{"timestamp":"2025-12-08T19:28:32.085846Z","level":"info","event":"Poking for file /opt/airflow/data/landing/customers/customers_20251208.csv","logger":"airflow.task.operators.airflow.providers.standard.sensors.filesystem.FileSensor","filename":"filesystem.py","lineno":125}
{"timestamp":"2025-12-08T19:28:52.092093Z","level":"info","event":"Poking for file /opt/airflow/data/landing/customers/customers_20251208.csv","logger":"airflow.task.operators.airflow.providers.standard.sensors.filesystem.FileSensor","filename":"filesystem.py","lineno":125}
{"timestamp":"2025-12-08T19:29:11.994446Z","level":"info","event":"Poking for file /opt/airflow/data/landing/customers/customers_20251208.csv","logger":"airflow.task.operators.airflow.providers.standard.sensors.filesystem.FileSensor","filename":"filesystem.py","lineno":125}
{"timestamp":"2025-12-08T19:29:31.890362Z","level":"info","event":"Poking for file /opt/airflow/data/landing/customers/customers_20251208.csv","logger":"airflow.task.operators.airflow.providers.standard.sensors.filesystem.FileSensor","filename":"filesystem.py","lineno":125}
{"timestamp":"2025-12-08T19:29:51.895031Z","level":"info","event":"Poking for file /opt/airflow/data/landing/customers/customers_20251208.csv","logger":"airflow.task.operators.airflow.providers.standard.sensors.filesystem.FileSensor","filename":"filesystem.py","lineno":125}
{"timestamp":"2025-12-08T19:30:11.787723Z","level":"info","event":"Poking for file /opt/airflow/data/landing/customers/customers_20251208.csv","logger":"airflow.task.operators.airflow.providers.standard.sensors.filesystem.FileSensor","filename":"filesystem.py","lineno":125}
{"timestamp":"2025-12-08T19:30:31.715868Z","level":"info","event":"Poking for file /opt/airflow/data/landing/customers/customers_20251208.csv","logger":"airflow.task.operators.airflow.providers.standard.sensors.filesystem.FileSensor","filename":"filesystem.py","lineno":125}
{"timestamp":"2025-12-08T19:30:51.721294Z","level":"info","event":"Poking for file /opt/airflow/data/landing/customers/customers_20251208.csv","logger":"airflow.task.operators.airflow.providers.standard.sensors.filesystem.FileSensor","filename":"filesystem.py","lineno":125}
{"timestamp":"2025-12-08T19:31:11.661498Z","level":"info","event":"Poking for file /opt/airflow/data/landing/customers/customers_20251208.csv","logger":"airflow.task.operators.airflow.providers.standard.sensors.filesystem.FileSensor","filename":"filesystem.py","lineno":125}
{"timestamp":"2025-12-08T19:31:31.579940Z","level":"info","event":"Poking for file /opt/airflow/data/landing/customers/customers_20251208.csv","logger":"airflow.task.operators.airflow.providers.standard.sensors.filesystem.FileSensor","filename":"filesystem.py","lineno":125}
{"timestamp":"2025-12-08T19:31:51.583332Z","level":"info","event":"Poking for file /opt/airflow/data/landing/customers/customers_20251208.csv","logger":"airflow.task.operators.airflow.providers.standard.sensors.filesystem.FileSensor","filename":"filesystem.py","lineno":125}
{"timestamp":"2025-12-08T19:32:11.481148Z","level":"info","event":"Poking for file /opt/airflow/data/landing/customers/customers_20251208.csv","logger":"airflow.task.operators.airflow.providers.standard.sensors.filesystem.FileSensor","filename":"filesystem.py","lineno":125}
{"timestamp":"2025-12-08T19:32:31.366022Z","level":"info","event":"Poking for file /opt/airflow/data/landing/customers/customers_20251208.csv","logger":"airflow.task.operators.airflow.providers.standard.sensors.filesystem.FileSensor","filename":"filesystem.py","lineno":125}
{"timestamp":"2025-12-08T19:32:51.371121Z","level":"info","event":"Poking for file /opt/airflow/data/landing/customers/customers_20251208.csv","logger":"airflow.task.operators.airflow.providers.standard.sensors.filesystem.FileSensor","filename":"filesystem.py","lineno":125}
{"timestamp":"2025-12-08T19:33:11.242127Z","level":"info","event":"Poking for file /opt/airflow/data/landing/customers/customers_20251208.csv","logger":"airflow.task.operators.airflow.providers.standard.sensors.filesystem.FileSensor","filename":"filesystem.py","lineno":125}
{"timestamp":"2025-12-08T19:33:31.179994Z","level":"info","event":"Poking for file /opt/airflow/data/landing/customers/customers_20251208.csv","logger":"airflow.task.operators.airflow.providers.standard.sensors.filesystem.FileSensor","filename":"filesystem.py","lineno":125}
{"timestamp":"2025-12-08T19:33:51.185519Z","level":"info","event":"Poking for file /opt/airflow/data/landing/customers/customers_20251208.csv","logger":"airflow.task.operators.airflow.providers.standard.sensors.filesystem.FileSensor","filename":"filesystem.py","lineno":125}
{"timestamp":"2025-12-08T19:34:11.077119Z","level":"info","event":"Poking for file /opt/airflow/data/landing/customers/customers_20251208.csv","logger":"airflow.task.operators.airflow.providers.standard.sensors.filesystem.FileSensor","filename":"filesystem.py","lineno":125}
{"timestamp":"2025-12-08T19:34:30.999096Z","level":"info","event":"Poking for file /opt/airflow/data/landing/customers/customers_20251208.csv","logger":"airflow.task.operators.airflow.providers.standard.sensors.filesystem.FileSensor","filename":"filesystem.py","lineno":125}
{"timestamp":"2025-12-08T19:34:51.003204Z","level":"info","event":"Poking for file /opt/airflow/data/landing/customers/customers_20251208.csv","logger":"airflow.task.operators.airflow.providers.standard.sensors.filesystem.FileSensor","filename":"filesystem.py","lineno":125}
{"timestamp":"2025-12-08T19:35:10.853713Z","level":"info","event":"Poking for file /opt/airflow/data/landing/customers/customers_20251208.csv","logger":"airflow.task.operators.airflow.providers.standard.sensors.filesystem.FileSensor","filename":"filesystem.py","lineno":125}
{"timestamp":"2025-12-08T19:35:30.806539Z","level":"info","event":"Poking for file /opt/airflow/data/landing/customers/customers_20251208.csv","logger":"airflow.task.operators.airflow.providers.standard.sensors.filesystem.FileSensor","filename":"filesystem.py","lineno":125}
{"timestamp":"2025-12-08T19:35:50.811870Z","level":"info","event":"Poking for file /opt/airflow/data/landing/customers/customers_20251208.csv","logger":"airflow.task.operators.airflow.providers.standard.sensors.filesystem.FileSensor","filename":"filesystem.py","lineno":125}
{"timestamp":"2025-12-08T19:36:10.682760Z","level":"info","event":"Poking for file /opt/airflow/data/landing/customers/customers_20251208.csv","logger":"airflow.task.operators.airflow.providers.standard.sensors.filesystem.FileSensor","filename":"filesystem.py","lineno":125}
{"timestamp":"2025-12-08T19:36:30.584952Z","level":"info","event":"Poking for file /opt/airflow/data/landing/customers/customers_20251208.csv","logger":"airflow.task.operators.airflow.providers.standard.sensors.filesystem.FileSensor","filename":"filesystem.py","lineno":125}
{"timestamp":"2025-12-08T19:36:50.590616Z","level":"info","event":"Poking for file /opt/airflow/data/landing/customers/customers_20251208.csv","logger":"airflow.task.operators.airflow.providers.standard.sensors.filesystem.FileSensor","filename":"filesystem.py","lineno":125}
{"timestamp":"2025-12-08T19:37:10.489315Z","level":"info","event":"Poking for file /opt/airflow/data/landing/customers/customers_20251208.csv","logger":"airflow.task.operators.airflow.providers.standard.sensors.filesystem.FileSensor","filename":"filesystem.py","lineno":125}
{"timestamp":"2025-12-08T19:37:30.409394Z","level":"info","event":"Poking for file /opt/airflow/data/landing/customers/customers_20251208.csv","logger":"airflow.task.operators.airflow.providers.standard.sensors.filesystem.FileSensor","filename":"filesystem.py","lineno":125}
{"timestamp":"2025-12-08T19:37:50.412246Z","level":"info","event":"Poking for file /opt/airflow/data/landing/customers/customers_20251208.csv","logger":"airflow.task.operators.airflow.providers.standard.sensors.filesystem.FileSensor","filename":"filesystem.py","lineno":125}
{"timestamp":"2025-12-08T19:38:10.283508Z","level":"info","event":"Poking for file /opt/airflow/data/landing/customers/customers_20251208.csv","logger":"airflow.task.operators.airflow.providers.standard.sensors.filesystem.FileSensor","filename":"filesystem.py","lineno":125}
{"timestamp":"2025-12-08T19:38:29.752442Z","level":"info","event":"Poking for file /opt/airflow/data/landing/customers/customers_20251208.csv","logger":"airflow.task.operators.airflow.providers.standard.sensors.filesystem.FileSensor","filename":"filesystem.py","lineno":125}
{"timestamp":"2025-12-08T19:38:49.756882Z","level":"info","event":"Poking for file /opt/airflow/data/landing/customers/customers_20251208.csv","logger":"airflow.task.operators.airflow.providers.standard.sensors.filesystem.FileSensor","filename":"filesystem.py","lineno":125}
{"timestamp":"2025-12-08T19:38:54.854351Z","level":"error","event":"Server indicated the task shouldn't be running anymore. Terminating process","detail":{"detail":{"reason":"not_running","message":"TI is no longer in the running state and task should terminate","current_state":"removed"}},"logger":"task"}
{"timestamp":"2025-12-08T19:38:59.984138Z","level":"error","event":"Task killed!","logger":"task"}
