{"timestamp":"2025-12-08T18:39:32.443046Z","level":"info","event":"DAG bundles loaded: dags-folder, example_dags","logger":"airflow.dag_processing.bundles.manager.DagBundlesManager","filename":"manager.py","lineno":179}
{"timestamp":"2025-12-08T18:39:32.449800Z","level":"info","event":"Filling up the DagBag from /opt/airflow/dags/shopverse_daily_pipeline.py","logger":"airflow.models.dagbag.DagBag","filename":"dagbag.py","lineno":593}
{"timestamp":"2025-12-08T18:39:32.809996Z","level":"warning","event":"The `airflow.utils.task_group.TaskGroup` attribute is deprecated. Please use `'airflow.sdk.TaskGroup'`.","category":"DeprecatedImportWarning","filename":"/opt/airflow/dags/shopverse_daily_pipeline.py","lineno":4,"logger":"py.warnings"}
{"timestamp":"2025-12-08T18:39:32.810446Z","level":"warning","event":"The `airflow.operators.python.get_current_context` attribute is deprecated. Please use `'airflow.sdk.get_current_context'`.","category":"DeprecatedImportWarning","filename":"/opt/airflow/dags/shopverse_daily_pipeline.py","lineno":8,"logger":"py.warnings"}
{"timestamp":"2025-12-08T18:39:32.919797Z","level":"info","event":"Task instance is in running state","logger":"task.stdout"}
{"timestamp":"2025-12-08T18:39:32.920797Z","level":"info","event":" Previous state of the Task instance: TaskInstanceState.QUEUED","logger":"task.stdout"}
{"timestamp":"2025-12-08T18:39:32.921558Z","level":"info","event":"Current task name:wait_for_customers_file","logger":"task.stdout"}
{"timestamp":"2025-12-08T18:39:32.922430Z","level":"info","event":"Dag name:shopverse_daily_pipeline","logger":"task.stdout"}
{"timestamp":"2025-12-08T18:39:32.948855Z","level":"info","event":"Poking for file /opt/airflow/data/landing/customers/customers_20251208.csv","logger":"airflow.task.operators.airflow.providers.standard.sensors.filesystem.FileSensor","filename":"filesystem.py","lineno":125}
{"timestamp":"2025-12-08T18:39:52.953610Z","level":"info","event":"Poking for file /opt/airflow/data/landing/customers/customers_20251208.csv","logger":"airflow.task.operators.airflow.providers.standard.sensors.filesystem.FileSensor","filename":"filesystem.py","lineno":125}
{"timestamp":"2025-12-08T18:40:12.883638Z","level":"info","event":"Poking for file /opt/airflow/data/landing/customers/customers_20251208.csv","logger":"airflow.task.operators.airflow.providers.standard.sensors.filesystem.FileSensor","filename":"filesystem.py","lineno":125}
{"timestamp":"2025-12-08T18:40:32.834370Z","level":"info","event":"Poking for file /opt/airflow/data/landing/customers/customers_20251208.csv","logger":"airflow.task.operators.airflow.providers.standard.sensors.filesystem.FileSensor","filename":"filesystem.py","lineno":125}
{"timestamp":"2025-12-08T18:40:52.839570Z","level":"info","event":"Poking for file /opt/airflow/data/landing/customers/customers_20251208.csv","logger":"airflow.task.operators.airflow.providers.standard.sensors.filesystem.FileSensor","filename":"filesystem.py","lineno":125}
{"timestamp":"2025-12-08T18:41:12.776613Z","level":"info","event":"Poking for file /opt/airflow/data/landing/customers/customers_20251208.csv","logger":"airflow.task.operators.airflow.providers.standard.sensors.filesystem.FileSensor","filename":"filesystem.py","lineno":125}
{"timestamp":"2025-12-08T18:41:32.753728Z","level":"info","event":"Poking for file /opt/airflow/data/landing/customers/customers_20251208.csv","logger":"airflow.task.operators.airflow.providers.standard.sensors.filesystem.FileSensor","filename":"filesystem.py","lineno":125}
{"timestamp":"2025-12-08T18:41:52.757329Z","level":"info","event":"Poking for file /opt/airflow/data/landing/customers/customers_20251208.csv","logger":"airflow.task.operators.airflow.providers.standard.sensors.filesystem.FileSensor","filename":"filesystem.py","lineno":125}
{"timestamp":"2025-12-08T18:42:12.649158Z","level":"info","event":"Poking for file /opt/airflow/data/landing/customers/customers_20251208.csv","logger":"airflow.task.operators.airflow.providers.standard.sensors.filesystem.FileSensor","filename":"filesystem.py","lineno":125}
{"timestamp":"2025-12-08T18:42:32.590783Z","level":"info","event":"Poking for file /opt/airflow/data/landing/customers/customers_20251208.csv","logger":"airflow.task.operators.airflow.providers.standard.sensors.filesystem.FileSensor","filename":"filesystem.py","lineno":125}
{"timestamp":"2025-12-08T18:42:52.594522Z","level":"info","event":"Poking for file /opt/airflow/data/landing/customers/customers_20251208.csv","logger":"airflow.task.operators.airflow.providers.standard.sensors.filesystem.FileSensor","filename":"filesystem.py","lineno":125}
{"timestamp":"2025-12-08T18:43:12.521367Z","level":"info","event":"Poking for file /opt/airflow/data/landing/customers/customers_20251208.csv","logger":"airflow.task.operators.airflow.providers.standard.sensors.filesystem.FileSensor","filename":"filesystem.py","lineno":125}
{"timestamp":"2025-12-08T18:43:32.493216Z","level":"info","event":"Poking for file /opt/airflow/data/landing/customers/customers_20251208.csv","logger":"airflow.task.operators.airflow.providers.standard.sensors.filesystem.FileSensor","filename":"filesystem.py","lineno":125}
{"timestamp":"2025-12-08T18:43:52.497234Z","level":"info","event":"Poking for file /opt/airflow/data/landing/customers/customers_20251208.csv","logger":"airflow.task.operators.airflow.providers.standard.sensors.filesystem.FileSensor","filename":"filesystem.py","lineno":125}
{"timestamp":"2025-12-08T18:44:12.414986Z","level":"info","event":"Poking for file /opt/airflow/data/landing/customers/customers_20251208.csv","logger":"airflow.task.operators.airflow.providers.standard.sensors.filesystem.FileSensor","filename":"filesystem.py","lineno":125}
{"timestamp":"2025-12-08T18:44:32.319616Z","level":"info","event":"Poking for file /opt/airflow/data/landing/customers/customers_20251208.csv","logger":"airflow.task.operators.airflow.providers.standard.sensors.filesystem.FileSensor","filename":"filesystem.py","lineno":125}
{"timestamp":"2025-12-08T18:44:52.346184Z","level":"info","event":"Poking for file /opt/airflow/data/landing/customers/customers_20251208.csv","logger":"airflow.task.operators.airflow.providers.standard.sensors.filesystem.FileSensor","filename":"filesystem.py","lineno":125}
{"timestamp":"2025-12-08T18:45:12.271765Z","level":"info","event":"Poking for file /opt/airflow/data/landing/customers/customers_20251208.csv","logger":"airflow.task.operators.airflow.providers.standard.sensors.filesystem.FileSensor","filename":"filesystem.py","lineno":125}
{"timestamp":"2025-12-08T18:45:32.080496Z","level":"info","event":"Poking for file /opt/airflow/data/landing/customers/customers_20251208.csv","logger":"airflow.task.operators.airflow.providers.standard.sensors.filesystem.FileSensor","filename":"filesystem.py","lineno":125}
{"timestamp":"2025-12-08T18:45:52.160410Z","level":"info","event":"Poking for file /opt/airflow/data/landing/customers/customers_20251208.csv","logger":"airflow.task.operators.airflow.providers.standard.sensors.filesystem.FileSensor","filename":"filesystem.py","lineno":125}
{"timestamp":"2025-12-08T18:46:12.127657Z","level":"info","event":"Poking for file /opt/airflow/data/landing/customers/customers_20251208.csv","logger":"airflow.task.operators.airflow.providers.standard.sensors.filesystem.FileSensor","filename":"filesystem.py","lineno":125}
{"timestamp":"2025-12-08T18:46:32.058109Z","level":"info","event":"Poking for file /opt/airflow/data/landing/customers/customers_20251208.csv","logger":"airflow.task.operators.airflow.providers.standard.sensors.filesystem.FileSensor","filename":"filesystem.py","lineno":125}
{"timestamp":"2025-12-08T18:46:52.091731Z","level":"info","event":"Poking for file /opt/airflow/data/landing/customers/customers_20251208.csv","logger":"airflow.task.operators.airflow.providers.standard.sensors.filesystem.FileSensor","filename":"filesystem.py","lineno":125}
{"timestamp":"2025-12-08T18:47:12.081987Z","level":"info","event":"Poking for file /opt/airflow/data/landing/customers/customers_20251208.csv","logger":"airflow.task.operators.airflow.providers.standard.sensors.filesystem.FileSensor","filename":"filesystem.py","lineno":125}
{"timestamp":"2025-12-08T18:47:32.000185Z","level":"info","event":"Poking for file /opt/airflow/data/landing/customers/customers_20251208.csv","logger":"airflow.task.operators.airflow.providers.standard.sensors.filesystem.FileSensor","filename":"filesystem.py","lineno":125}
{"timestamp":"2025-12-08T18:47:52.040437Z","level":"info","event":"Poking for file /opt/airflow/data/landing/customers/customers_20251208.csv","logger":"airflow.task.operators.airflow.providers.standard.sensors.filesystem.FileSensor","filename":"filesystem.py","lineno":125}
{"timestamp":"2025-12-08T18:48:11.986405Z","level":"info","event":"Poking for file /opt/airflow/data/landing/customers/customers_20251208.csv","logger":"airflow.task.operators.airflow.providers.standard.sensors.filesystem.FileSensor","filename":"filesystem.py","lineno":125}
{"timestamp":"2025-12-08T18:48:31.896213Z","level":"info","event":"Poking for file /opt/airflow/data/landing/customers/customers_20251208.csv","logger":"airflow.task.operators.airflow.providers.standard.sensors.filesystem.FileSensor","filename":"filesystem.py","lineno":125}
{"timestamp":"2025-12-08T18:48:51.900559Z","level":"info","event":"Poking for file /opt/airflow/data/landing/customers/customers_20251208.csv","logger":"airflow.task.operators.airflow.providers.standard.sensors.filesystem.FileSensor","filename":"filesystem.py","lineno":125}
{"timestamp":"2025-12-08T18:49:11.822839Z","level":"info","event":"Poking for file /opt/airflow/data/landing/customers/customers_20251208.csv","logger":"airflow.task.operators.airflow.providers.standard.sensors.filesystem.FileSensor","filename":"filesystem.py","lineno":125}
{"timestamp":"2025-12-08T18:49:31.756911Z","level":"info","event":"Poking for file /opt/airflow/data/landing/customers/customers_20251208.csv","logger":"airflow.task.operators.airflow.providers.standard.sensors.filesystem.FileSensor","filename":"filesystem.py","lineno":125}
{"timestamp":"2025-12-08T18:49:51.766033Z","level":"info","event":"Poking for file /opt/airflow/data/landing/customers/customers_20251208.csv","logger":"airflow.task.operators.airflow.providers.standard.sensors.filesystem.FileSensor","filename":"filesystem.py","lineno":125}
{"timestamp":"2025-12-08T18:50:11.771370Z","level":"info","event":"Poking for file /opt/airflow/data/landing/customers/customers_20251208.csv","logger":"airflow.task.operators.airflow.providers.standard.sensors.filesystem.FileSensor","filename":"filesystem.py","lineno":125}
{"timestamp":"2025-12-08T18:50:31.696562Z","level":"info","event":"Poking for file /opt/airflow/data/landing/customers/customers_20251208.csv","logger":"airflow.task.operators.airflow.providers.standard.sensors.filesystem.FileSensor","filename":"filesystem.py","lineno":125}
{"timestamp":"2025-12-08T18:50:51.709078Z","level":"info","event":"Poking for file /opt/airflow/data/landing/customers/customers_20251208.csv","logger":"airflow.task.operators.airflow.providers.standard.sensors.filesystem.FileSensor","filename":"filesystem.py","lineno":125}
{"timestamp":"2025-12-08T18:51:11.634884Z","level":"info","event":"Poking for file /opt/airflow/data/landing/customers/customers_20251208.csv","logger":"airflow.task.operators.airflow.providers.standard.sensors.filesystem.FileSensor","filename":"filesystem.py","lineno":125}
{"timestamp":"2025-12-08T18:51:31.569090Z","level":"info","event":"Poking for file /opt/airflow/data/landing/customers/customers_20251208.csv","logger":"airflow.task.operators.airflow.providers.standard.sensors.filesystem.FileSensor","filename":"filesystem.py","lineno":125}
{"timestamp":"2025-12-08T18:51:51.573294Z","level":"info","event":"Poking for file /opt/airflow/data/landing/customers/customers_20251208.csv","logger":"airflow.task.operators.airflow.providers.standard.sensors.filesystem.FileSensor","filename":"filesystem.py","lineno":125}
{"timestamp":"2025-12-08T18:52:11.432717Z","level":"info","event":"Poking for file /opt/airflow/data/landing/customers/customers_20251208.csv","logger":"airflow.task.operators.airflow.providers.standard.sensors.filesystem.FileSensor","filename":"filesystem.py","lineno":125}
{"timestamp":"2025-12-08T18:52:31.359900Z","level":"info","event":"Poking for file /opt/airflow/data/landing/customers/customers_20251208.csv","logger":"airflow.task.operators.airflow.providers.standard.sensors.filesystem.FileSensor","filename":"filesystem.py","lineno":125}
{"timestamp":"2025-12-08T18:52:51.364573Z","level":"info","event":"Poking for file /opt/airflow/data/landing/customers/customers_20251208.csv","logger":"airflow.task.operators.airflow.providers.standard.sensors.filesystem.FileSensor","filename":"filesystem.py","lineno":125}
{"timestamp":"2025-12-08T18:53:11.287703Z","level":"info","event":"Poking for file /opt/airflow/data/landing/customers/customers_20251208.csv","logger":"airflow.task.operators.airflow.providers.standard.sensors.filesystem.FileSensor","filename":"filesystem.py","lineno":125}
{"timestamp":"2025-12-08T18:53:31.186915Z","level":"info","event":"Poking for file /opt/airflow/data/landing/customers/customers_20251208.csv","logger":"airflow.task.operators.airflow.providers.standard.sensors.filesystem.FileSensor","filename":"filesystem.py","lineno":125}
{"timestamp":"2025-12-08T18:53:51.190018Z","level":"info","event":"Poking for file /opt/airflow/data/landing/customers/customers_20251208.csv","logger":"airflow.task.operators.airflow.providers.standard.sensors.filesystem.FileSensor","filename":"filesystem.py","lineno":125}
{"timestamp":"2025-12-08T18:54:11.111966Z","level":"info","event":"Poking for file /opt/airflow/data/landing/customers/customers_20251208.csv","logger":"airflow.task.operators.airflow.providers.standard.sensors.filesystem.FileSensor","filename":"filesystem.py","lineno":125}
{"timestamp":"2025-12-08T18:54:31.050971Z","level":"info","event":"Poking for file /opt/airflow/data/landing/customers/customers_20251208.csv","logger":"airflow.task.operators.airflow.providers.standard.sensors.filesystem.FileSensor","filename":"filesystem.py","lineno":125}
{"timestamp":"2025-12-08T18:54:51.055674Z","level":"info","event":"Poking for file /opt/airflow/data/landing/customers/customers_20251208.csv","logger":"airflow.task.operators.airflow.providers.standard.sensors.filesystem.FileSensor","filename":"filesystem.py","lineno":125}
{"timestamp":"2025-12-08T18:55:10.996172Z","level":"info","event":"Poking for file /opt/airflow/data/landing/customers/customers_20251208.csv","logger":"airflow.task.operators.airflow.providers.standard.sensors.filesystem.FileSensor","filename":"filesystem.py","lineno":125}
{"timestamp":"2025-12-08T18:55:30.911111Z","level":"info","event":"Poking for file /opt/airflow/data/landing/customers/customers_20251208.csv","logger":"airflow.task.operators.airflow.providers.standard.sensors.filesystem.FileSensor","filename":"filesystem.py","lineno":125}
{"timestamp":"2025-12-08T18:55:50.916741Z","level":"info","event":"Poking for file /opt/airflow/data/landing/customers/customers_20251208.csv","logger":"airflow.task.operators.airflow.providers.standard.sensors.filesystem.FileSensor","filename":"filesystem.py","lineno":125}
{"timestamp":"2025-12-08T18:56:10.842390Z","level":"info","event":"Poking for file /opt/airflow/data/landing/customers/customers_20251208.csv","logger":"airflow.task.operators.airflow.providers.standard.sensors.filesystem.FileSensor","filename":"filesystem.py","lineno":125}
{"timestamp":"2025-12-08T18:56:30.770222Z","level":"info","event":"Poking for file /opt/airflow/data/landing/customers/customers_20251208.csv","logger":"airflow.task.operators.airflow.providers.standard.sensors.filesystem.FileSensor","filename":"filesystem.py","lineno":125}
{"timestamp":"2025-12-08T18:56:50.775004Z","level":"info","event":"Poking for file /opt/airflow/data/landing/customers/customers_20251208.csv","logger":"airflow.task.operators.airflow.providers.standard.sensors.filesystem.FileSensor","filename":"filesystem.py","lineno":125}
{"timestamp":"2025-12-08T18:57:10.692152Z","level":"info","event":"Poking for file /opt/airflow/data/landing/customers/customers_20251208.csv","logger":"airflow.task.operators.airflow.providers.standard.sensors.filesystem.FileSensor","filename":"filesystem.py","lineno":125}
{"timestamp":"2025-12-08T18:57:30.629768Z","level":"info","event":"Poking for file /opt/airflow/data/landing/customers/customers_20251208.csv","logger":"airflow.task.operators.airflow.providers.standard.sensors.filesystem.FileSensor","filename":"filesystem.py","lineno":125}
{"timestamp":"2025-12-08T18:57:50.634168Z","level":"info","event":"Poking for file /opt/airflow/data/landing/customers/customers_20251208.csv","logger":"airflow.task.operators.airflow.providers.standard.sensors.filesystem.FileSensor","filename":"filesystem.py","lineno":125}
{"timestamp":"2025-12-08T18:58:10.562567Z","level":"info","event":"Poking for file /opt/airflow/data/landing/customers/customers_20251208.csv","logger":"airflow.task.operators.airflow.providers.standard.sensors.filesystem.FileSensor","filename":"filesystem.py","lineno":125}
{"timestamp":"2025-12-08T18:58:30.496640Z","level":"info","event":"Poking for file /opt/airflow/data/landing/customers/customers_20251208.csv","logger":"airflow.task.operators.airflow.providers.standard.sensors.filesystem.FileSensor","filename":"filesystem.py","lineno":125}
{"timestamp":"2025-12-08T18:58:50.501053Z","level":"info","event":"Poking for file /opt/airflow/data/landing/customers/customers_20251208.csv","logger":"airflow.task.operators.airflow.providers.standard.sensors.filesystem.FileSensor","filename":"filesystem.py","lineno":125}
{"timestamp":"2025-12-08T18:59:10.401806Z","level":"info","event":"Poking for file /opt/airflow/data/landing/customers/customers_20251208.csv","logger":"airflow.task.operators.airflow.providers.standard.sensors.filesystem.FileSensor","filename":"filesystem.py","lineno":125}
{"timestamp":"2025-12-08T18:59:30.330629Z","level":"info","event":"Poking for file /opt/airflow/data/landing/customers/customers_20251208.csv","logger":"airflow.task.operators.airflow.providers.standard.sensors.filesystem.FileSensor","filename":"filesystem.py","lineno":125}
{"timestamp":"2025-12-08T18:59:30.342705Z","level":"error","event":"Task failed with exception","logger":"task","filename":"task_runner.py","lineno":969,"error_detail":[{"exc_type":"AirflowSensorTimeout","exc_value":"Sensor has timed out; run duration of 1201.0803714229987 seconds exceeds the specified timeout of 1200.0.","exc_notes":[],"syntax_error":null,"is_cause":false,"frames":[{"filename":"/home/airflow/.local/lib/python3.12/site-packages/airflow/sdk/execution_time/task_runner.py","lineno":928,"name":"run"},{"filename":"/home/airflow/.local/lib/python3.12/site-packages/airflow/sdk/execution_time/task_runner.py","lineno":1315,"name":"_execute_task"},{"filename":"/home/airflow/.local/lib/python3.12/site-packages/airflow/sdk/bases/operator.py","lineno":416,"name":"wrapper"},{"filename":"/home/airflow/.local/lib/python3.12/site-packages/airflow/providers/standard/sensors/filesystem.py","lineno":139,"name":"execute"},{"filename":"/home/airflow/.local/lib/python3.12/site-packages/airflow/sdk/bases/operator.py","lineno":416,"name":"wrapper"},{"filename":"/home/airflow/.local/lib/python3.12/site-packages/airflow/sdk/bases/sensor.py","lineno":243,"name":"execute"}],"is_group":false,"exceptions":[]}]}
{"timestamp":"2025-12-08T18:59:30.366836Z","level":"info","event":"Task instance in failure state","logger":"task.stdout"}
{"timestamp":"2025-12-08T18:59:30.377518Z","level":"info","event":"Task start","logger":"task.stdout"}
{"timestamp":"2025-12-08T18:59:30.378317Z","level":"info","event":"Task:<Task(FileSensor): wait_for_customers_file>","logger":"task.stdout"}
{"timestamp":"2025-12-08T18:59:30.378937Z","level":"info","event":"Failure caused by Sensor has timed out; run duration of 1201.0803714229987 seconds exceeds the specified timeout of 1200.0.","logger":"task.stdout"}
