{"timestamp":"2025-12-08T19:25:31.881603Z","level":"info","event":"DAG bundles loaded: dags-folder, example_dags","logger":"airflow.dag_processing.bundles.manager.DagBundlesManager","filename":"manager.py","lineno":179}
{"timestamp":"2025-12-08T19:25:31.885525Z","level":"info","event":"Filling up the DagBag from /opt/airflow/dags/shopverse_daily_pipeline.py","logger":"airflow.models.dagbag.DagBag","filename":"dagbag.py","lineno":593}
{"timestamp":"2025-12-08T19:25:32.509237Z","level":"warning","event":"The `airflow.utils.task_group.TaskGroup` attribute is deprecated. Please use `'airflow.sdk.TaskGroup'`.","category":"DeprecatedImportWarning","filename":"/opt/airflow/dags/shopverse_daily_pipeline.py","lineno":4,"logger":"py.warnings"}
{"timestamp":"2025-12-08T19:25:32.509560Z","level":"warning","event":"The `airflow.operators.python.get_current_context` attribute is deprecated. Please use `'airflow.sdk.get_current_context'`.","category":"DeprecatedImportWarning","filename":"/opt/airflow/dags/shopverse_daily_pipeline.py","lineno":8,"logger":"py.warnings"}
{"timestamp":"2025-12-08T19:25:32.618130Z","level":"info","event":"Task instance is in running state","logger":"task.stdout"}
{"timestamp":"2025-12-08T19:25:32.619038Z","level":"info","event":" Previous state of the Task instance: TaskInstanceState.QUEUED","logger":"task.stdout"}
{"timestamp":"2025-12-08T19:25:32.619858Z","level":"info","event":"Current task name:wait_for_orders_file","logger":"task.stdout"}
{"timestamp":"2025-12-08T19:25:32.622180Z","level":"info","event":"Dag name:shopverse_daily_pipeline","logger":"task.stdout"}
{"timestamp":"2025-12-08T19:25:32.650824Z","level":"info","event":"Poking for file /opt/airflow/data/landing/orders/orders_20251208.json","logger":"airflow.task.operators.airflow.providers.standard.sensors.filesystem.FileSensor","filename":"filesystem.py","lineno":125}
{"timestamp":"2025-12-08T19:25:52.669177Z","level":"info","event":"Poking for file /opt/airflow/data/landing/orders/orders_20251208.json","logger":"airflow.task.operators.airflow.providers.standard.sensors.filesystem.FileSensor","filename":"filesystem.py","lineno":125}
{"timestamp":"2025-12-08T19:26:12.562588Z","level":"info","event":"Poking for file /opt/airflow/data/landing/orders/orders_20251208.json","logger":"airflow.task.operators.airflow.providers.standard.sensors.filesystem.FileSensor","filename":"filesystem.py","lineno":125}
{"timestamp":"2025-12-08T19:26:32.478108Z","level":"info","event":"Poking for file /opt/airflow/data/landing/orders/orders_20251208.json","logger":"airflow.task.operators.airflow.providers.standard.sensors.filesystem.FileSensor","filename":"filesystem.py","lineno":125}
{"timestamp":"2025-12-08T19:26:52.484286Z","level":"info","event":"Poking for file /opt/airflow/data/landing/orders/orders_20251208.json","logger":"airflow.task.operators.airflow.providers.standard.sensors.filesystem.FileSensor","filename":"filesystem.py","lineno":125}
{"timestamp":"2025-12-08T19:27:12.384040Z","level":"info","event":"Poking for file /opt/airflow/data/landing/orders/orders_20251208.json","logger":"airflow.task.operators.airflow.providers.standard.sensors.filesystem.FileSensor","filename":"filesystem.py","lineno":125}
{"timestamp":"2025-12-08T19:27:32.266408Z","level":"info","event":"Poking for file /opt/airflow/data/landing/orders/orders_20251208.json","logger":"airflow.task.operators.airflow.providers.standard.sensors.filesystem.FileSensor","filename":"filesystem.py","lineno":125}
{"timestamp":"2025-12-08T19:27:52.275242Z","level":"info","event":"Poking for file /opt/airflow/data/landing/orders/orders_20251208.json","logger":"airflow.task.operators.airflow.providers.standard.sensors.filesystem.FileSensor","filename":"filesystem.py","lineno":125}
{"timestamp":"2025-12-08T19:28:12.164305Z","level":"info","event":"Poking for file /opt/airflow/data/landing/orders/orders_20251208.json","logger":"airflow.task.operators.airflow.providers.standard.sensors.filesystem.FileSensor","filename":"filesystem.py","lineno":125}
{"timestamp":"2025-12-08T19:28:32.062890Z","level":"info","event":"Poking for file /opt/airflow/data/landing/orders/orders_20251208.json","logger":"airflow.task.operators.airflow.providers.standard.sensors.filesystem.FileSensor","filename":"filesystem.py","lineno":125}
{"timestamp":"2025-12-08T19:28:52.069245Z","level":"info","event":"Poking for file /opt/airflow/data/landing/orders/orders_20251208.json","logger":"airflow.task.operators.airflow.providers.standard.sensors.filesystem.FileSensor","filename":"filesystem.py","lineno":125}
{"timestamp":"2025-12-08T19:29:11.971822Z","level":"info","event":"Poking for file /opt/airflow/data/landing/orders/orders_20251208.json","logger":"airflow.task.operators.airflow.providers.standard.sensors.filesystem.FileSensor","filename":"filesystem.py","lineno":125}
{"timestamp":"2025-12-08T19:29:31.867948Z","level":"info","event":"Poking for file /opt/airflow/data/landing/orders/orders_20251208.json","logger":"airflow.task.operators.airflow.providers.standard.sensors.filesystem.FileSensor","filename":"filesystem.py","lineno":125}
{"timestamp":"2025-12-08T19:29:51.874131Z","level":"info","event":"Poking for file /opt/airflow/data/landing/orders/orders_20251208.json","logger":"airflow.task.operators.airflow.providers.standard.sensors.filesystem.FileSensor","filename":"filesystem.py","lineno":125}
{"timestamp":"2025-12-08T19:30:11.764856Z","level":"info","event":"Poking for file /opt/airflow/data/landing/orders/orders_20251208.json","logger":"airflow.task.operators.airflow.providers.standard.sensors.filesystem.FileSensor","filename":"filesystem.py","lineno":125}
{"timestamp":"2025-12-08T19:30:31.720312Z","level":"info","event":"Poking for file /opt/airflow/data/landing/orders/orders_20251208.json","logger":"airflow.task.operators.airflow.providers.standard.sensors.filesystem.FileSensor","filename":"filesystem.py","lineno":125}
{"timestamp":"2025-12-08T19:30:51.725720Z","level":"info","event":"Poking for file /opt/airflow/data/landing/orders/orders_20251208.json","logger":"airflow.task.operators.airflow.providers.standard.sensors.filesystem.FileSensor","filename":"filesystem.py","lineno":125}
{"timestamp":"2025-12-08T19:31:11.666102Z","level":"info","event":"Poking for file /opt/airflow/data/landing/orders/orders_20251208.json","logger":"airflow.task.operators.airflow.providers.standard.sensors.filesystem.FileSensor","filename":"filesystem.py","lineno":125}
{"timestamp":"2025-12-08T19:31:31.580346Z","level":"info","event":"Poking for file /opt/airflow/data/landing/orders/orders_20251208.json","logger":"airflow.task.operators.airflow.providers.standard.sensors.filesystem.FileSensor","filename":"filesystem.py","lineno":125}
{"timestamp":"2025-12-08T19:31:51.583441Z","level":"info","event":"Poking for file /opt/airflow/data/landing/orders/orders_20251208.json","logger":"airflow.task.operators.airflow.providers.standard.sensors.filesystem.FileSensor","filename":"filesystem.py","lineno":125}
{"timestamp":"2025-12-08T19:32:11.483044Z","level":"info","event":"Poking for file /opt/airflow/data/landing/orders/orders_20251208.json","logger":"airflow.task.operators.airflow.providers.standard.sensors.filesystem.FileSensor","filename":"filesystem.py","lineno":125}
{"timestamp":"2025-12-08T19:32:31.365621Z","level":"info","event":"Poking for file /opt/airflow/data/landing/orders/orders_20251208.json","logger":"airflow.task.operators.airflow.providers.standard.sensors.filesystem.FileSensor","filename":"filesystem.py","lineno":125}
{"timestamp":"2025-12-08T19:32:51.369976Z","level":"info","event":"Poking for file /opt/airflow/data/landing/orders/orders_20251208.json","logger":"airflow.task.operators.airflow.providers.standard.sensors.filesystem.FileSensor","filename":"filesystem.py","lineno":125}
{"timestamp":"2025-12-08T19:33:11.238308Z","level":"info","event":"Poking for file /opt/airflow/data/landing/orders/orders_20251208.json","logger":"airflow.task.operators.airflow.providers.standard.sensors.filesystem.FileSensor","filename":"filesystem.py","lineno":125}
{"timestamp":"2025-12-08T19:33:31.180898Z","level":"info","event":"Poking for file /opt/airflow/data/landing/orders/orders_20251208.json","logger":"airflow.task.operators.airflow.providers.standard.sensors.filesystem.FileSensor","filename":"filesystem.py","lineno":125}
{"timestamp":"2025-12-08T19:33:51.184188Z","level":"info","event":"Poking for file /opt/airflow/data/landing/orders/orders_20251208.json","logger":"airflow.task.operators.airflow.providers.standard.sensors.filesystem.FileSensor","filename":"filesystem.py","lineno":125}
{"timestamp":"2025-12-08T19:34:11.076205Z","level":"info","event":"Poking for file /opt/airflow/data/landing/orders/orders_20251208.json","logger":"airflow.task.operators.airflow.providers.standard.sensors.filesystem.FileSensor","filename":"filesystem.py","lineno":125}
{"timestamp":"2025-12-08T19:34:30.984133Z","level":"info","event":"Poking for file /opt/airflow/data/landing/orders/orders_20251208.json","logger":"airflow.task.operators.airflow.providers.standard.sensors.filesystem.FileSensor","filename":"filesystem.py","lineno":125}
{"timestamp":"2025-12-08T19:34:50.987738Z","level":"info","event":"Poking for file /opt/airflow/data/landing/orders/orders_20251208.json","logger":"airflow.task.operators.airflow.providers.standard.sensors.filesystem.FileSensor","filename":"filesystem.py","lineno":125}
{"timestamp":"2025-12-08T19:35:10.842974Z","level":"info","event":"Poking for file /opt/airflow/data/landing/orders/orders_20251208.json","logger":"airflow.task.operators.airflow.providers.standard.sensors.filesystem.FileSensor","filename":"filesystem.py","lineno":125}
{"timestamp":"2025-12-08T19:35:30.797360Z","level":"info","event":"Poking for file /opt/airflow/data/landing/orders/orders_20251208.json","logger":"airflow.task.operators.airflow.providers.standard.sensors.filesystem.FileSensor","filename":"filesystem.py","lineno":125}
{"timestamp":"2025-12-08T19:35:50.801305Z","level":"info","event":"Poking for file /opt/airflow/data/landing/orders/orders_20251208.json","logger":"airflow.task.operators.airflow.providers.standard.sensors.filesystem.FileSensor","filename":"filesystem.py","lineno":125}
{"timestamp":"2025-12-08T19:36:10.672291Z","level":"info","event":"Poking for file /opt/airflow/data/landing/orders/orders_20251208.json","logger":"airflow.task.operators.airflow.providers.standard.sensors.filesystem.FileSensor","filename":"filesystem.py","lineno":125}
{"timestamp":"2025-12-08T19:36:30.575457Z","level":"info","event":"Poking for file /opt/airflow/data/landing/orders/orders_20251208.json","logger":"airflow.task.operators.airflow.providers.standard.sensors.filesystem.FileSensor","filename":"filesystem.py","lineno":125}
{"timestamp":"2025-12-08T19:36:50.581041Z","level":"info","event":"Poking for file /opt/airflow/data/landing/orders/orders_20251208.json","logger":"airflow.task.operators.airflow.providers.standard.sensors.filesystem.FileSensor","filename":"filesystem.py","lineno":125}
{"timestamp":"2025-12-08T19:37:10.476879Z","level":"info","event":"Poking for file /opt/airflow/data/landing/orders/orders_20251208.json","logger":"airflow.task.operators.airflow.providers.standard.sensors.filesystem.FileSensor","filename":"filesystem.py","lineno":125}
{"timestamp":"2025-12-08T19:37:30.397299Z","level":"info","event":"Poking for file /opt/airflow/data/landing/orders/orders_20251208.json","logger":"airflow.task.operators.airflow.providers.standard.sensors.filesystem.FileSensor","filename":"filesystem.py","lineno":125}
{"timestamp":"2025-12-08T19:37:50.402379Z","level":"info","event":"Poking for file /opt/airflow/data/landing/orders/orders_20251208.json","logger":"airflow.task.operators.airflow.providers.standard.sensors.filesystem.FileSensor","filename":"filesystem.py","lineno":125}
{"timestamp":"2025-12-08T19:38:10.275687Z","level":"info","event":"Poking for file /opt/airflow/data/landing/orders/orders_20251208.json","logger":"airflow.task.operators.airflow.providers.standard.sensors.filesystem.FileSensor","filename":"filesystem.py","lineno":125}
{"timestamp":"2025-12-08T19:38:29.744537Z","level":"info","event":"Poking for file /opt/airflow/data/landing/orders/orders_20251208.json","logger":"airflow.task.operators.airflow.providers.standard.sensors.filesystem.FileSensor","filename":"filesystem.py","lineno":125}
{"timestamp":"2025-12-08T19:38:49.750402Z","level":"info","event":"Poking for file /opt/airflow/data/landing/orders/orders_20251208.json","logger":"airflow.task.operators.airflow.providers.standard.sensors.filesystem.FileSensor","filename":"filesystem.py","lineno":125}
{"timestamp":"2025-12-08T19:38:54.850803Z","level":"error","event":"Server indicated the task shouldn't be running anymore. Terminating process","detail":{"detail":{"reason":"not_running","message":"TI is no longer in the running state and task should terminate","current_state":"removed"}},"logger":"task"}
{"timestamp":"2025-12-08T19:38:59.987806Z","level":"error","event":"Task killed!","logger":"task"}
