{"timestamp":"2025-12-08T18:43:01.633052Z","level":"info","event":"DAG bundles loaded: dags-folder, example_dags","logger":"airflow.dag_processing.bundles.manager.DagBundlesManager","filename":"manager.py","lineno":179}
{"timestamp":"2025-12-08T18:43:01.635597Z","level":"info","event":"Filling up the DagBag from /opt/airflow/dags/shopverse_daily_pipeline.py","logger":"airflow.models.dagbag.DagBag","filename":"dagbag.py","lineno":593}
{"timestamp":"2025-12-08T18:43:01.998552Z","level":"warning","event":"The `airflow.utils.task_group.TaskGroup` attribute is deprecated. Please use `'airflow.sdk.TaskGroup'`.","category":"DeprecatedImportWarning","filename":"/opt/airflow/dags/shopverse_daily_pipeline.py","lineno":4,"logger":"py.warnings"}
{"timestamp":"2025-12-08T18:43:01.999099Z","level":"warning","event":"The `airflow.operators.python.get_current_context` attribute is deprecated. Please use `'airflow.sdk.get_current_context'`.","category":"DeprecatedImportWarning","filename":"/opt/airflow/dags/shopverse_daily_pipeline.py","lineno":8,"logger":"py.warnings"}
{"timestamp":"2025-12-08T18:43:02.115226Z","level":"info","event":"Task instance is in running state","logger":"task.stdout"}
{"timestamp":"2025-12-08T18:43:02.116458Z","level":"info","event":" Previous state of the Task instance: TaskInstanceState.QUEUED","logger":"task.stdout"}
{"timestamp":"2025-12-08T18:43:02.117753Z","level":"info","event":"Current task name:wait_for_products_file","logger":"task.stdout"}
{"timestamp":"2025-12-08T18:43:02.118740Z","level":"info","event":"Dag name:shopverse_daily_pipeline","logger":"task.stdout"}
{"timestamp":"2025-12-08T18:43:02.147994Z","level":"info","event":"Poking for file /opt/airflow/data/landing/products/products_20251208.csv","logger":"airflow.task.operators.airflow.providers.standard.sensors.filesystem.FileSensor","filename":"filesystem.py","lineno":125}
{"timestamp":"2025-12-08T18:43:22.155201Z","level":"info","event":"Poking for file /opt/airflow/data/landing/products/products_20251208.csv","logger":"airflow.task.operators.airflow.providers.standard.sensors.filesystem.FileSensor","filename":"filesystem.py","lineno":125}
{"timestamp":"2025-12-08T18:43:42.100450Z","level":"info","event":"Poking for file /opt/airflow/data/landing/products/products_20251208.csv","logger":"airflow.task.operators.airflow.providers.standard.sensors.filesystem.FileSensor","filename":"filesystem.py","lineno":125}
{"timestamp":"2025-12-08T18:44:02.018716Z","level":"info","event":"Poking for file /opt/airflow/data/landing/products/products_20251208.csv","logger":"airflow.task.operators.airflow.providers.standard.sensors.filesystem.FileSensor","filename":"filesystem.py","lineno":125}
{"timestamp":"2025-12-08T18:44:22.023735Z","level":"info","event":"Poking for file /opt/airflow/data/landing/products/products_20251208.csv","logger":"airflow.task.operators.airflow.providers.standard.sensors.filesystem.FileSensor","filename":"filesystem.py","lineno":125}
{"timestamp":"2025-12-08T18:44:41.955226Z","level":"info","event":"Poking for file /opt/airflow/data/landing/products/products_20251208.csv","logger":"airflow.task.operators.airflow.providers.standard.sensors.filesystem.FileSensor","filename":"filesystem.py","lineno":125}
{"timestamp":"2025-12-08T18:45:01.881000Z","level":"info","event":"Poking for file /opt/airflow/data/landing/products/products_20251208.csv","logger":"airflow.task.operators.airflow.providers.standard.sensors.filesystem.FileSensor","filename":"filesystem.py","lineno":125}
{"timestamp":"2025-12-08T18:45:21.885266Z","level":"info","event":"Poking for file /opt/airflow/data/landing/products/products_20251208.csv","logger":"airflow.task.operators.airflow.providers.standard.sensors.filesystem.FileSensor","filename":"filesystem.py","lineno":125}
{"timestamp":"2025-12-08T18:45:41.684877Z","level":"info","event":"Poking for file /opt/airflow/data/landing/products/products_20251208.csv","logger":"airflow.task.operators.airflow.providers.standard.sensors.filesystem.FileSensor","filename":"filesystem.py","lineno":125}
{"timestamp":"2025-12-08T18:46:01.678054Z","level":"info","event":"Poking for file /opt/airflow/data/landing/products/products_20251208.csv","logger":"airflow.task.operators.airflow.providers.standard.sensors.filesystem.FileSensor","filename":"filesystem.py","lineno":125}
{"timestamp":"2025-12-08T18:46:21.682593Z","level":"info","event":"Poking for file /opt/airflow/data/landing/products/products_20251208.csv","logger":"airflow.task.operators.airflow.providers.standard.sensors.filesystem.FileSensor","filename":"filesystem.py","lineno":125}
{"timestamp":"2025-12-08T18:46:41.613828Z","level":"info","event":"Poking for file /opt/airflow/data/landing/products/products_20251208.csv","logger":"airflow.task.operators.airflow.providers.standard.sensors.filesystem.FileSensor","filename":"filesystem.py","lineno":125}
{"timestamp":"2025-12-08T18:47:01.590947Z","level":"info","event":"Poking for file /opt/airflow/data/landing/products/products_20251208.csv","logger":"airflow.task.operators.airflow.providers.standard.sensors.filesystem.FileSensor","filename":"filesystem.py","lineno":125}
{"timestamp":"2025-12-08T18:47:21.595587Z","level":"info","event":"Poking for file /opt/airflow/data/landing/products/products_20251208.csv","logger":"airflow.task.operators.airflow.providers.standard.sensors.filesystem.FileSensor","filename":"filesystem.py","lineno":125}
{"timestamp":"2025-12-08T18:47:41.510204Z","level":"info","event":"Poking for file /opt/airflow/data/landing/products/products_20251208.csv","logger":"airflow.task.operators.airflow.providers.standard.sensors.filesystem.FileSensor","filename":"filesystem.py","lineno":125}
{"timestamp":"2025-12-08T18:48:01.439198Z","level":"info","event":"Poking for file /opt/airflow/data/landing/products/products_20251208.csv","logger":"airflow.task.operators.airflow.providers.standard.sensors.filesystem.FileSensor","filename":"filesystem.py","lineno":125}
{"timestamp":"2025-12-08T18:48:21.451846Z","level":"info","event":"Poking for file /opt/airflow/data/landing/products/products_20251208.csv","logger":"airflow.task.operators.airflow.providers.standard.sensors.filesystem.FileSensor","filename":"filesystem.py","lineno":125}
{"timestamp":"2025-12-08T18:48:41.368322Z","level":"info","event":"Poking for file /opt/airflow/data/landing/products/products_20251208.csv","logger":"airflow.task.operators.airflow.providers.standard.sensors.filesystem.FileSensor","filename":"filesystem.py","lineno":125}
{"timestamp":"2025-12-08T18:49:01.319249Z","level":"info","event":"Poking for file /opt/airflow/data/landing/products/products_20251208.csv","logger":"airflow.task.operators.airflow.providers.standard.sensors.filesystem.FileSensor","filename":"filesystem.py","lineno":125}
{"timestamp":"2025-12-08T18:49:21.324051Z","level":"info","event":"Poking for file /opt/airflow/data/landing/products/products_20251208.csv","logger":"airflow.task.operators.airflow.providers.standard.sensors.filesystem.FileSensor","filename":"filesystem.py","lineno":125}
{"timestamp":"2025-12-08T18:49:41.260241Z","level":"info","event":"Poking for file /opt/airflow/data/landing/products/products_20251208.csv","logger":"airflow.task.operators.airflow.providers.standard.sensors.filesystem.FileSensor","filename":"filesystem.py","lineno":125}
{"timestamp":"2025-12-08T18:50:01.212762Z","level":"info","event":"Poking for file /opt/airflow/data/landing/products/products_20251208.csv","logger":"airflow.task.operators.airflow.providers.standard.sensors.filesystem.FileSensor","filename":"filesystem.py","lineno":125}
{"timestamp":"2025-12-08T18:50:21.239030Z","level":"info","event":"Poking for file /opt/airflow/data/landing/products/products_20251208.csv","logger":"airflow.task.operators.airflow.providers.standard.sensors.filesystem.FileSensor","filename":"filesystem.py","lineno":125}
{"timestamp":"2025-12-08T18:50:41.166910Z","level":"info","event":"Poking for file /opt/airflow/data/landing/products/products_20251208.csv","logger":"airflow.task.operators.airflow.providers.standard.sensors.filesystem.FileSensor","filename":"filesystem.py","lineno":125}
{"timestamp":"2025-12-08T18:51:01.103053Z","level":"info","event":"Poking for file /opt/airflow/data/landing/products/products_20251208.csv","logger":"airflow.task.operators.airflow.providers.standard.sensors.filesystem.FileSensor","filename":"filesystem.py","lineno":125}
{"timestamp":"2025-12-08T18:51:21.267451Z","level":"info","event":"Poking for file /opt/airflow/data/landing/products/products_20251208.csv","logger":"airflow.task.operators.airflow.providers.standard.sensors.filesystem.FileSensor","filename":"filesystem.py","lineno":125}
{"timestamp":"2025-12-08T18:51:41.203668Z","level":"info","event":"Poking for file /opt/airflow/data/landing/products/products_20251208.csv","logger":"airflow.task.operators.airflow.providers.standard.sensors.filesystem.FileSensor","filename":"filesystem.py","lineno":125}
{"timestamp":"2025-12-08T18:52:01.073230Z","level":"info","event":"Poking for file /opt/airflow/data/landing/products/products_20251208.csv","logger":"airflow.task.operators.airflow.providers.standard.sensors.filesystem.FileSensor","filename":"filesystem.py","lineno":125}
{"timestamp":"2025-12-08T18:52:21.113525Z","level":"info","event":"Poking for file /opt/airflow/data/landing/products/products_20251208.csv","logger":"airflow.task.operators.airflow.providers.standard.sensors.filesystem.FileSensor","filename":"filesystem.py","lineno":125}
{"timestamp":"2025-12-08T18:52:41.042148Z","level":"info","event":"Poking for file /opt/airflow/data/landing/products/products_20251208.csv","logger":"airflow.task.operators.airflow.providers.standard.sensors.filesystem.FileSensor","filename":"filesystem.py","lineno":125}
{"timestamp":"2025-12-08T18:53:00.974264Z","level":"info","event":"Poking for file /opt/airflow/data/landing/products/products_20251208.csv","logger":"airflow.task.operators.airflow.providers.standard.sensors.filesystem.FileSensor","filename":"filesystem.py","lineno":125}
{"timestamp":"2025-12-08T18:53:21.027613Z","level":"info","event":"Poking for file /opt/airflow/data/landing/products/products_20251208.csv","logger":"airflow.task.operators.airflow.providers.standard.sensors.filesystem.FileSensor","filename":"filesystem.py","lineno":125}
{"timestamp":"2025-12-08T18:53:40.928485Z","level":"info","event":"Poking for file /opt/airflow/data/landing/products/products_20251208.csv","logger":"airflow.task.operators.airflow.providers.standard.sensors.filesystem.FileSensor","filename":"filesystem.py","lineno":125}
{"timestamp":"2025-12-08T18:54:00.871675Z","level":"info","event":"Poking for file /opt/airflow/data/landing/products/products_20251208.csv","logger":"airflow.task.operators.airflow.providers.standard.sensors.filesystem.FileSensor","filename":"filesystem.py","lineno":125}
{"timestamp":"2025-12-08T18:54:20.913158Z","level":"info","event":"Poking for file /opt/airflow/data/landing/products/products_20251208.csv","logger":"airflow.task.operators.airflow.providers.standard.sensors.filesystem.FileSensor","filename":"filesystem.py","lineno":125}
{"timestamp":"2025-12-08T18:54:40.854180Z","level":"info","event":"Poking for file /opt/airflow/data/landing/products/products_20251208.csv","logger":"airflow.task.operators.airflow.providers.standard.sensors.filesystem.FileSensor","filename":"filesystem.py","lineno":125}
{"timestamp":"2025-12-08T18:55:00.871857Z","level":"info","event":"Poking for file /opt/airflow/data/landing/products/products_20251208.csv","logger":"airflow.task.operators.airflow.providers.standard.sensors.filesystem.FileSensor","filename":"filesystem.py","lineno":125}
{"timestamp":"2025-12-08T18:55:20.878893Z","level":"info","event":"Poking for file /opt/airflow/data/landing/products/products_20251208.csv","logger":"airflow.task.operators.airflow.providers.standard.sensors.filesystem.FileSensor","filename":"filesystem.py","lineno":125}
{"timestamp":"2025-12-08T18:55:40.799161Z","level":"info","event":"Poking for file /opt/airflow/data/landing/products/products_20251208.csv","logger":"airflow.task.operators.airflow.providers.standard.sensors.filesystem.FileSensor","filename":"filesystem.py","lineno":125}
{"timestamp":"2025-12-08T18:56:00.736807Z","level":"info","event":"Poking for file /opt/airflow/data/landing/products/products_20251208.csv","logger":"airflow.task.operators.airflow.providers.standard.sensors.filesystem.FileSensor","filename":"filesystem.py","lineno":125}
{"timestamp":"2025-12-08T18:56:20.778923Z","level":"info","event":"Poking for file /opt/airflow/data/landing/products/products_20251208.csv","logger":"airflow.task.operators.airflow.providers.standard.sensors.filesystem.FileSensor","filename":"filesystem.py","lineno":125}
{"timestamp":"2025-12-08T18:56:40.706398Z","level":"info","event":"Poking for file /opt/airflow/data/landing/products/products_20251208.csv","logger":"airflow.task.operators.airflow.providers.standard.sensors.filesystem.FileSensor","filename":"filesystem.py","lineno":125}
{"timestamp":"2025-12-08T18:57:00.613277Z","level":"info","event":"Poking for file /opt/airflow/data/landing/products/products_20251208.csv","logger":"airflow.task.operators.airflow.providers.standard.sensors.filesystem.FileSensor","filename":"filesystem.py","lineno":125}
{"timestamp":"2025-12-08T18:57:20.669749Z","level":"info","event":"Poking for file /opt/airflow/data/landing/products/products_20251208.csv","logger":"airflow.task.operators.airflow.providers.standard.sensors.filesystem.FileSensor","filename":"filesystem.py","lineno":125}
{"timestamp":"2025-12-08T18:57:40.567218Z","level":"info","event":"Poking for file /opt/airflow/data/landing/products/products_20251208.csv","logger":"airflow.task.operators.airflow.providers.standard.sensors.filesystem.FileSensor","filename":"filesystem.py","lineno":125}
{"timestamp":"2025-12-08T18:58:00.475891Z","level":"info","event":"Poking for file /opt/airflow/data/landing/products/products_20251208.csv","logger":"airflow.task.operators.airflow.providers.standard.sensors.filesystem.FileSensor","filename":"filesystem.py","lineno":125}
{"timestamp":"2025-12-08T18:58:20.496283Z","level":"info","event":"Poking for file /opt/airflow/data/landing/products/products_20251208.csv","logger":"airflow.task.operators.airflow.providers.standard.sensors.filesystem.FileSensor","filename":"filesystem.py","lineno":125}
{"timestamp":"2025-12-08T18:58:40.417273Z","level":"info","event":"Poking for file /opt/airflow/data/landing/products/products_20251208.csv","logger":"airflow.task.operators.airflow.providers.standard.sensors.filesystem.FileSensor","filename":"filesystem.py","lineno":125}
{"timestamp":"2025-12-08T18:59:00.325029Z","level":"info","event":"Poking for file /opt/airflow/data/landing/products/products_20251208.csv","logger":"airflow.task.operators.airflow.providers.standard.sensors.filesystem.FileSensor","filename":"filesystem.py","lineno":125}
{"timestamp":"2025-12-08T18:59:20.354462Z","level":"info","event":"Poking for file /opt/airflow/data/landing/products/products_20251208.csv","logger":"airflow.task.operators.airflow.providers.standard.sensors.filesystem.FileSensor","filename":"filesystem.py","lineno":125}
{"timestamp":"2025-12-08T18:59:40.301697Z","level":"info","event":"Poking for file /opt/airflow/data/landing/products/products_20251208.csv","logger":"airflow.task.operators.airflow.providers.standard.sensors.filesystem.FileSensor","filename":"filesystem.py","lineno":125}
{"timestamp":"2025-12-08T19:00:00.289960Z","level":"info","event":"Poking for file /opt/airflow/data/landing/products/products_20251208.csv","logger":"airflow.task.operators.airflow.providers.standard.sensors.filesystem.FileSensor","filename":"filesystem.py","lineno":125}
{"timestamp":"2025-12-08T19:00:20.294756Z","level":"info","event":"Poking for file /opt/airflow/data/landing/products/products_20251208.csv","logger":"airflow.task.operators.airflow.providers.standard.sensors.filesystem.FileSensor","filename":"filesystem.py","lineno":125}
{"timestamp":"2025-12-08T19:00:40.209221Z","level":"info","event":"Poking for file /opt/airflow/data/landing/products/products_20251208.csv","logger":"airflow.task.operators.airflow.providers.standard.sensors.filesystem.FileSensor","filename":"filesystem.py","lineno":125}
{"timestamp":"2025-12-08T19:01:00.119822Z","level":"info","event":"Poking for file /opt/airflow/data/landing/products/products_20251208.csv","logger":"airflow.task.operators.airflow.providers.standard.sensors.filesystem.FileSensor","filename":"filesystem.py","lineno":125}
{"timestamp":"2025-12-08T19:01:20.124253Z","level":"info","event":"Poking for file /opt/airflow/data/landing/products/products_20251208.csv","logger":"airflow.task.operators.airflow.providers.standard.sensors.filesystem.FileSensor","filename":"filesystem.py","lineno":125}
{"timestamp":"2025-12-08T19:01:40.051109Z","level":"info","event":"Poking for file /opt/airflow/data/landing/products/products_20251208.csv","logger":"airflow.task.operators.airflow.providers.standard.sensors.filesystem.FileSensor","filename":"filesystem.py","lineno":125}
{"timestamp":"2025-12-08T19:01:59.937321Z","level":"info","event":"Poking for file /opt/airflow/data/landing/products/products_20251208.csv","logger":"airflow.task.operators.airflow.providers.standard.sensors.filesystem.FileSensor","filename":"filesystem.py","lineno":125}
{"timestamp":"2025-12-08T19:02:19.941731Z","level":"info","event":"Poking for file /opt/airflow/data/landing/products/products_20251208.csv","logger":"airflow.task.operators.airflow.providers.standard.sensors.filesystem.FileSensor","filename":"filesystem.py","lineno":125}
{"timestamp":"2025-12-08T19:02:39.876328Z","level":"info","event":"Poking for file /opt/airflow/data/landing/products/products_20251208.csv","logger":"airflow.task.operators.airflow.providers.standard.sensors.filesystem.FileSensor","filename":"filesystem.py","lineno":125}
{"timestamp":"2025-12-08T19:02:59.957130Z","level":"info","event":"Poking for file /opt/airflow/data/landing/products/products_20251208.csv","logger":"airflow.task.operators.airflow.providers.standard.sensors.filesystem.FileSensor","filename":"filesystem.py","lineno":125}
{"timestamp":"2025-12-08T19:02:59.964238Z","level":"error","event":"Task failed with exception","logger":"task","filename":"task_runner.py","lineno":969,"error_detail":[{"exc_type":"AirflowSensorTimeout","exc_value":"Sensor has timed out; run duration of 1201.5768097069995 seconds exceeds the specified timeout of 1200.0.","exc_notes":[],"syntax_error":null,"is_cause":false,"frames":[{"filename":"/home/airflow/.local/lib/python3.12/site-packages/airflow/sdk/execution_time/task_runner.py","lineno":928,"name":"run"},{"filename":"/home/airflow/.local/lib/python3.12/site-packages/airflow/sdk/execution_time/task_runner.py","lineno":1315,"name":"_execute_task"},{"filename":"/home/airflow/.local/lib/python3.12/site-packages/airflow/sdk/bases/operator.py","lineno":416,"name":"wrapper"},{"filename":"/home/airflow/.local/lib/python3.12/site-packages/airflow/providers/standard/sensors/filesystem.py","lineno":139,"name":"execute"},{"filename":"/home/airflow/.local/lib/python3.12/site-packages/airflow/sdk/bases/operator.py","lineno":416,"name":"wrapper"},{"filename":"/home/airflow/.local/lib/python3.12/site-packages/airflow/sdk/bases/sensor.py","lineno":243,"name":"execute"}],"is_group":false,"exceptions":[]}]}
{"timestamp":"2025-12-08T19:02:59.973747Z","level":"info","event":"Task instance in failure state","logger":"task.stdout"}
{"timestamp":"2025-12-08T19:02:59.979075Z","level":"info","event":"Task start","logger":"task.stdout"}
{"timestamp":"2025-12-08T19:02:59.980126Z","level":"info","event":"Task:<Task(FileSensor): wait_for_products_file>","logger":"task.stdout"}
{"timestamp":"2025-12-08T19:02:59.981209Z","level":"info","event":"Failure caused by Sensor has timed out; run duration of 1201.5768097069995 seconds exceeds the specified timeout of 1200.0.","logger":"task.stdout"}
