{"timestamp":"2025-12-08T18:39:32.480884Z","level":"info","event":"DAG bundles loaded: dags-folder, example_dags","logger":"airflow.dag_processing.bundles.manager.DagBundlesManager","filename":"manager.py","lineno":179}
{"timestamp":"2025-12-08T18:39:32.484825Z","level":"info","event":"Filling up the DagBag from /opt/airflow/dags/shopverse_daily_pipeline.py","logger":"airflow.models.dagbag.DagBag","filename":"dagbag.py","lineno":593}
{"timestamp":"2025-12-08T18:39:32.829998Z","level":"warning","event":"The `airflow.utils.task_group.TaskGroup` attribute is deprecated. Please use `'airflow.sdk.TaskGroup'`.","category":"DeprecatedImportWarning","filename":"/opt/airflow/dags/shopverse_daily_pipeline.py","lineno":4,"logger":"py.warnings"}
{"timestamp":"2025-12-08T18:39:32.830620Z","level":"warning","event":"The `airflow.operators.python.get_current_context` attribute is deprecated. Please use `'airflow.sdk.get_current_context'`.","category":"DeprecatedImportWarning","filename":"/opt/airflow/dags/shopverse_daily_pipeline.py","lineno":8,"logger":"py.warnings"}
{"timestamp":"2025-12-08T18:39:32.939569Z","level":"info","event":"Task instance is in running state","logger":"task.stdout"}
{"timestamp":"2025-12-08T18:39:32.940882Z","level":"info","event":" Previous state of the Task instance: TaskInstanceState.QUEUED","logger":"task.stdout"}
{"timestamp":"2025-12-08T18:39:32.941896Z","level":"info","event":"Current task name:wait_for_orders_file","logger":"task.stdout"}
{"timestamp":"2025-12-08T18:39:32.942778Z","level":"info","event":"Dag name:shopverse_daily_pipeline","logger":"task.stdout"}
{"timestamp":"2025-12-08T18:39:32.967643Z","level":"info","event":"Poking for file /opt/airflow/data/landing/orders/orders_20251208.json","logger":"airflow.task.operators.airflow.providers.standard.sensors.filesystem.FileSensor","filename":"filesystem.py","lineno":125}
{"timestamp":"2025-12-08T18:39:52.973651Z","level":"info","event":"Poking for file /opt/airflow/data/landing/orders/orders_20251208.json","logger":"airflow.task.operators.airflow.providers.standard.sensors.filesystem.FileSensor","filename":"filesystem.py","lineno":125}
{"timestamp":"2025-12-08T18:40:12.894373Z","level":"info","event":"Poking for file /opt/airflow/data/landing/orders/orders_20251208.json","logger":"airflow.task.operators.airflow.providers.standard.sensors.filesystem.FileSensor","filename":"filesystem.py","lineno":125}
{"timestamp":"2025-12-08T18:40:32.840251Z","level":"info","event":"Poking for file /opt/airflow/data/landing/orders/orders_20251208.json","logger":"airflow.task.operators.airflow.providers.standard.sensors.filesystem.FileSensor","filename":"filesystem.py","lineno":125}
{"timestamp":"2025-12-08T18:40:52.845341Z","level":"info","event":"Poking for file /opt/airflow/data/landing/orders/orders_20251208.json","logger":"airflow.task.operators.airflow.providers.standard.sensors.filesystem.FileSensor","filename":"filesystem.py","lineno":125}
{"timestamp":"2025-12-08T18:41:12.768773Z","level":"info","event":"Poking for file /opt/airflow/data/landing/orders/orders_20251208.json","logger":"airflow.task.operators.airflow.providers.standard.sensors.filesystem.FileSensor","filename":"filesystem.py","lineno":125}
{"timestamp":"2025-12-08T18:41:32.742556Z","level":"info","event":"Poking for file /opt/airflow/data/landing/orders/orders_20251208.json","logger":"airflow.task.operators.airflow.providers.standard.sensors.filesystem.FileSensor","filename":"filesystem.py","lineno":125}
{"timestamp":"2025-12-08T18:41:52.747228Z","level":"info","event":"Poking for file /opt/airflow/data/landing/orders/orders_20251208.json","logger":"airflow.task.operators.airflow.providers.standard.sensors.filesystem.FileSensor","filename":"filesystem.py","lineno":125}
{"timestamp":"2025-12-08T18:42:12.638392Z","level":"info","event":"Poking for file /opt/airflow/data/landing/orders/orders_20251208.json","logger":"airflow.task.operators.airflow.providers.standard.sensors.filesystem.FileSensor","filename":"filesystem.py","lineno":125}
{"timestamp":"2025-12-08T18:42:32.585863Z","level":"info","event":"Poking for file /opt/airflow/data/landing/orders/orders_20251208.json","logger":"airflow.task.operators.airflow.providers.standard.sensors.filesystem.FileSensor","filename":"filesystem.py","lineno":125}
{"timestamp":"2025-12-08T18:42:52.589968Z","level":"info","event":"Poking for file /opt/airflow/data/landing/orders/orders_20251208.json","logger":"airflow.task.operators.airflow.providers.standard.sensors.filesystem.FileSensor","filename":"filesystem.py","lineno":125}
{"timestamp":"2025-12-08T18:43:12.519813Z","level":"info","event":"Poking for file /opt/airflow/data/landing/orders/orders_20251208.json","logger":"airflow.task.operators.airflow.providers.standard.sensors.filesystem.FileSensor","filename":"filesystem.py","lineno":125}
{"timestamp":"2025-12-08T18:43:32.506311Z","level":"info","event":"Poking for file /opt/airflow/data/landing/orders/orders_20251208.json","logger":"airflow.task.operators.airflow.providers.standard.sensors.filesystem.FileSensor","filename":"filesystem.py","lineno":125}
{"timestamp":"2025-12-08T18:43:52.510010Z","level":"info","event":"Poking for file /opt/airflow/data/landing/orders/orders_20251208.json","logger":"airflow.task.operators.airflow.providers.standard.sensors.filesystem.FileSensor","filename":"filesystem.py","lineno":125}
{"timestamp":"2025-12-08T18:44:12.427316Z","level":"info","event":"Poking for file /opt/airflow/data/landing/orders/orders_20251208.json","logger":"airflow.task.operators.airflow.providers.standard.sensors.filesystem.FileSensor","filename":"filesystem.py","lineno":125}
{"timestamp":"2025-12-08T18:44:32.332291Z","level":"info","event":"Poking for file /opt/airflow/data/landing/orders/orders_20251208.json","logger":"airflow.task.operators.airflow.providers.standard.sensors.filesystem.FileSensor","filename":"filesystem.py","lineno":125}
{"timestamp":"2025-12-08T18:44:52.352166Z","level":"info","event":"Poking for file /opt/airflow/data/landing/orders/orders_20251208.json","logger":"airflow.task.operators.airflow.providers.standard.sensors.filesystem.FileSensor","filename":"filesystem.py","lineno":125}
{"timestamp":"2025-12-08T18:45:12.277888Z","level":"info","event":"Poking for file /opt/airflow/data/landing/orders/orders_20251208.json","logger":"airflow.task.operators.airflow.providers.standard.sensors.filesystem.FileSensor","filename":"filesystem.py","lineno":125}
{"timestamp":"2025-12-08T18:45:32.077346Z","level":"info","event":"Poking for file /opt/airflow/data/landing/orders/orders_20251208.json","logger":"airflow.task.operators.airflow.providers.standard.sensors.filesystem.FileSensor","filename":"filesystem.py","lineno":125}
{"timestamp":"2025-12-08T18:45:52.179126Z","level":"info","event":"Poking for file /opt/airflow/data/landing/orders/orders_20251208.json","logger":"airflow.task.operators.airflow.providers.standard.sensors.filesystem.FileSensor","filename":"filesystem.py","lineno":125}
{"timestamp":"2025-12-08T18:46:12.148905Z","level":"info","event":"Poking for file /opt/airflow/data/landing/orders/orders_20251208.json","logger":"airflow.task.operators.airflow.providers.standard.sensors.filesystem.FileSensor","filename":"filesystem.py","lineno":125}
{"timestamp":"2025-12-08T18:46:32.080450Z","level":"info","event":"Poking for file /opt/airflow/data/landing/orders/orders_20251208.json","logger":"airflow.task.operators.airflow.providers.standard.sensors.filesystem.FileSensor","filename":"filesystem.py","lineno":125}
{"timestamp":"2025-12-08T18:46:52.107966Z","level":"info","event":"Poking for file /opt/airflow/data/landing/orders/orders_20251208.json","logger":"airflow.task.operators.airflow.providers.standard.sensors.filesystem.FileSensor","filename":"filesystem.py","lineno":125}
{"timestamp":"2025-12-08T18:47:12.087183Z","level":"info","event":"Poking for file /opt/airflow/data/landing/orders/orders_20251208.json","logger":"airflow.task.operators.airflow.providers.standard.sensors.filesystem.FileSensor","filename":"filesystem.py","lineno":125}
{"timestamp":"2025-12-08T18:47:32.010400Z","level":"info","event":"Poking for file /opt/airflow/data/landing/orders/orders_20251208.json","logger":"airflow.task.operators.airflow.providers.standard.sensors.filesystem.FileSensor","filename":"filesystem.py","lineno":125}
{"timestamp":"2025-12-08T18:47:52.055572Z","level":"info","event":"Poking for file /opt/airflow/data/landing/orders/orders_20251208.json","logger":"airflow.task.operators.airflow.providers.standard.sensors.filesystem.FileSensor","filename":"filesystem.py","lineno":125}
{"timestamp":"2025-12-08T18:48:11.983704Z","level":"info","event":"Poking for file /opt/airflow/data/landing/orders/orders_20251208.json","logger":"airflow.task.operators.airflow.providers.standard.sensors.filesystem.FileSensor","filename":"filesystem.py","lineno":125}
{"timestamp":"2025-12-08T18:48:31.893780Z","level":"info","event":"Poking for file /opt/airflow/data/landing/orders/orders_20251208.json","logger":"airflow.task.operators.airflow.providers.standard.sensors.filesystem.FileSensor","filename":"filesystem.py","lineno":125}
{"timestamp":"2025-12-08T18:48:51.898216Z","level":"info","event":"Poking for file /opt/airflow/data/landing/orders/orders_20251208.json","logger":"airflow.task.operators.airflow.providers.standard.sensors.filesystem.FileSensor","filename":"filesystem.py","lineno":125}
{"timestamp":"2025-12-08T18:49:11.829677Z","level":"info","event":"Poking for file /opt/airflow/data/landing/orders/orders_20251208.json","logger":"airflow.task.operators.airflow.providers.standard.sensors.filesystem.FileSensor","filename":"filesystem.py","lineno":125}
{"timestamp":"2025-12-08T18:49:31.764064Z","level":"info","event":"Poking for file /opt/airflow/data/landing/orders/orders_20251208.json","logger":"airflow.task.operators.airflow.providers.standard.sensors.filesystem.FileSensor","filename":"filesystem.py","lineno":125}
{"timestamp":"2025-12-08T18:49:51.781921Z","level":"info","event":"Poking for file /opt/airflow/data/landing/orders/orders_20251208.json","logger":"airflow.task.operators.airflow.providers.standard.sensors.filesystem.FileSensor","filename":"filesystem.py","lineno":125}
{"timestamp":"2025-12-08T18:50:11.755762Z","level":"info","event":"Poking for file /opt/airflow/data/landing/orders/orders_20251208.json","logger":"airflow.task.operators.airflow.providers.standard.sensors.filesystem.FileSensor","filename":"filesystem.py","lineno":125}
{"timestamp":"2025-12-08T18:50:31.681695Z","level":"info","event":"Poking for file /opt/airflow/data/landing/orders/orders_20251208.json","logger":"airflow.task.operators.airflow.providers.standard.sensors.filesystem.FileSensor","filename":"filesystem.py","lineno":125}
{"timestamp":"2025-12-08T18:50:51.688501Z","level":"info","event":"Poking for file /opt/airflow/data/landing/orders/orders_20251208.json","logger":"airflow.task.operators.airflow.providers.standard.sensors.filesystem.FileSensor","filename":"filesystem.py","lineno":125}
{"timestamp":"2025-12-08T18:51:11.623985Z","level":"info","event":"Poking for file /opt/airflow/data/landing/orders/orders_20251208.json","logger":"airflow.task.operators.airflow.providers.standard.sensors.filesystem.FileSensor","filename":"filesystem.py","lineno":125}
{"timestamp":"2025-12-08T18:51:31.558399Z","level":"info","event":"Poking for file /opt/airflow/data/landing/orders/orders_20251208.json","logger":"airflow.task.operators.airflow.providers.standard.sensors.filesystem.FileSensor","filename":"filesystem.py","lineno":125}
{"timestamp":"2025-12-08T18:51:51.563729Z","level":"info","event":"Poking for file /opt/airflow/data/landing/orders/orders_20251208.json","logger":"airflow.task.operators.airflow.providers.standard.sensors.filesystem.FileSensor","filename":"filesystem.py","lineno":125}
{"timestamp":"2025-12-08T18:52:11.428872Z","level":"info","event":"Poking for file /opt/airflow/data/landing/orders/orders_20251208.json","logger":"airflow.task.operators.airflow.providers.standard.sensors.filesystem.FileSensor","filename":"filesystem.py","lineno":125}
{"timestamp":"2025-12-08T18:52:31.355378Z","level":"info","event":"Poking for file /opt/airflow/data/landing/orders/orders_20251208.json","logger":"airflow.task.operators.airflow.providers.standard.sensors.filesystem.FileSensor","filename":"filesystem.py","lineno":125}
{"timestamp":"2025-12-08T18:52:51.360230Z","level":"info","event":"Poking for file /opt/airflow/data/landing/orders/orders_20251208.json","logger":"airflow.task.operators.airflow.providers.standard.sensors.filesystem.FileSensor","filename":"filesystem.py","lineno":125}
{"timestamp":"2025-12-08T18:53:11.282939Z","level":"info","event":"Poking for file /opt/airflow/data/landing/orders/orders_20251208.json","logger":"airflow.task.operators.airflow.providers.standard.sensors.filesystem.FileSensor","filename":"filesystem.py","lineno":125}
{"timestamp":"2025-12-08T18:53:31.183527Z","level":"info","event":"Poking for file /opt/airflow/data/landing/orders/orders_20251208.json","logger":"airflow.task.operators.airflow.providers.standard.sensors.filesystem.FileSensor","filename":"filesystem.py","lineno":125}
{"timestamp":"2025-12-08T18:53:51.188572Z","level":"info","event":"Poking for file /opt/airflow/data/landing/orders/orders_20251208.json","logger":"airflow.task.operators.airflow.providers.standard.sensors.filesystem.FileSensor","filename":"filesystem.py","lineno":125}
{"timestamp":"2025-12-08T18:54:11.108871Z","level":"info","event":"Poking for file /opt/airflow/data/landing/orders/orders_20251208.json","logger":"airflow.task.operators.airflow.providers.standard.sensors.filesystem.FileSensor","filename":"filesystem.py","lineno":125}
{"timestamp":"2025-12-08T18:54:31.049131Z","level":"info","event":"Poking for file /opt/airflow/data/landing/orders/orders_20251208.json","logger":"airflow.task.operators.airflow.providers.standard.sensors.filesystem.FileSensor","filename":"filesystem.py","lineno":125}
{"timestamp":"2025-12-08T18:54:51.053373Z","level":"info","event":"Poking for file /opt/airflow/data/landing/orders/orders_20251208.json","logger":"airflow.task.operators.airflow.providers.standard.sensors.filesystem.FileSensor","filename":"filesystem.py","lineno":125}
{"timestamp":"2025-12-08T18:55:11.002307Z","level":"info","event":"Poking for file /opt/airflow/data/landing/orders/orders_20251208.json","logger":"airflow.task.operators.airflow.providers.standard.sensors.filesystem.FileSensor","filename":"filesystem.py","lineno":125}
{"timestamp":"2025-12-08T18:55:30.917227Z","level":"info","event":"Poking for file /opt/airflow/data/landing/orders/orders_20251208.json","logger":"airflow.task.operators.airflow.providers.standard.sensors.filesystem.FileSensor","filename":"filesystem.py","lineno":125}
{"timestamp":"2025-12-08T18:55:50.920553Z","level":"info","event":"Poking for file /opt/airflow/data/landing/orders/orders_20251208.json","logger":"airflow.task.operators.airflow.providers.standard.sensors.filesystem.FileSensor","filename":"filesystem.py","lineno":125}
{"timestamp":"2025-12-08T18:56:10.854576Z","level":"info","event":"Poking for file /opt/airflow/data/landing/orders/orders_20251208.json","logger":"airflow.task.operators.airflow.providers.standard.sensors.filesystem.FileSensor","filename":"filesystem.py","lineno":125}
{"timestamp":"2025-12-08T18:56:30.781555Z","level":"info","event":"Poking for file /opt/airflow/data/landing/orders/orders_20251208.json","logger":"airflow.task.operators.airflow.providers.standard.sensors.filesystem.FileSensor","filename":"filesystem.py","lineno":125}
{"timestamp":"2025-12-08T18:56:50.786204Z","level":"info","event":"Poking for file /opt/airflow/data/landing/orders/orders_20251208.json","logger":"airflow.task.operators.airflow.providers.standard.sensors.filesystem.FileSensor","filename":"filesystem.py","lineno":125}
{"timestamp":"2025-12-08T18:57:10.700916Z","level":"info","event":"Poking for file /opt/airflow/data/landing/orders/orders_20251208.json","logger":"airflow.task.operators.airflow.providers.standard.sensors.filesystem.FileSensor","filename":"filesystem.py","lineno":125}
{"timestamp":"2025-12-08T18:57:30.615775Z","level":"info","event":"Poking for file /opt/airflow/data/landing/orders/orders_20251208.json","logger":"airflow.task.operators.airflow.providers.standard.sensors.filesystem.FileSensor","filename":"filesystem.py","lineno":125}
{"timestamp":"2025-12-08T18:57:50.620070Z","level":"info","event":"Poking for file /opt/airflow/data/landing/orders/orders_20251208.json","logger":"airflow.task.operators.airflow.providers.standard.sensors.filesystem.FileSensor","filename":"filesystem.py","lineno":125}
{"timestamp":"2025-12-08T18:58:10.549937Z","level":"info","event":"Poking for file /opt/airflow/data/landing/orders/orders_20251208.json","logger":"airflow.task.operators.airflow.providers.standard.sensors.filesystem.FileSensor","filename":"filesystem.py","lineno":125}
{"timestamp":"2025-12-08T18:58:30.485128Z","level":"info","event":"Poking for file /opt/airflow/data/landing/orders/orders_20251208.json","logger":"airflow.task.operators.airflow.providers.standard.sensors.filesystem.FileSensor","filename":"filesystem.py","lineno":125}
{"timestamp":"2025-12-08T18:58:50.488646Z","level":"info","event":"Poking for file /opt/airflow/data/landing/orders/orders_20251208.json","logger":"airflow.task.operators.airflow.providers.standard.sensors.filesystem.FileSensor","filename":"filesystem.py","lineno":125}
{"timestamp":"2025-12-08T18:59:10.389854Z","level":"info","event":"Poking for file /opt/airflow/data/landing/orders/orders_20251208.json","logger":"airflow.task.operators.airflow.providers.standard.sensors.filesystem.FileSensor","filename":"filesystem.py","lineno":125}
{"timestamp":"2025-12-08T18:59:30.322040Z","level":"info","event":"Poking for file /opt/airflow/data/landing/orders/orders_20251208.json","logger":"airflow.task.operators.airflow.providers.standard.sensors.filesystem.FileSensor","filename":"filesystem.py","lineno":125}
{"timestamp":"2025-12-08T18:59:30.332582Z","level":"error","event":"Task failed with exception","logger":"task","filename":"task_runner.py","lineno":969,"error_detail":[{"exc_type":"AirflowSensorTimeout","exc_value":"Sensor has timed out; run duration of 1201.0499033889992 seconds exceeds the specified timeout of 1200.0.","exc_notes":[],"syntax_error":null,"is_cause":false,"frames":[{"filename":"/home/airflow/.local/lib/python3.12/site-packages/airflow/sdk/execution_time/task_runner.py","lineno":928,"name":"run"},{"filename":"/home/airflow/.local/lib/python3.12/site-packages/airflow/sdk/execution_time/task_runner.py","lineno":1315,"name":"_execute_task"},{"filename":"/home/airflow/.local/lib/python3.12/site-packages/airflow/sdk/bases/operator.py","lineno":416,"name":"wrapper"},{"filename":"/home/airflow/.local/lib/python3.12/site-packages/airflow/providers/standard/sensors/filesystem.py","lineno":139,"name":"execute"},{"filename":"/home/airflow/.local/lib/python3.12/site-packages/airflow/sdk/bases/operator.py","lineno":416,"name":"wrapper"},{"filename":"/home/airflow/.local/lib/python3.12/site-packages/airflow/sdk/bases/sensor.py","lineno":243,"name":"execute"}],"is_group":false,"exceptions":[]}]}
{"timestamp":"2025-12-08T18:59:30.359870Z","level":"info","event":"Task instance in failure state","logger":"task.stdout"}
{"timestamp":"2025-12-08T18:59:30.370291Z","level":"info","event":"Task start","logger":"task.stdout"}
{"timestamp":"2025-12-08T18:59:30.373525Z","level":"info","event":"Task:<Task(FileSensor): wait_for_orders_file>","logger":"task.stdout"}
{"timestamp":"2025-12-08T18:59:30.374153Z","level":"info","event":"Failure caused by Sensor has timed out; run duration of 1201.0499033889992 seconds exceeds the specified timeout of 1200.0.","logger":"task.stdout"}
