{"timestamp":"2025-12-08T19:06:06.827595Z","level":"info","event":"DAG bundles loaded: dags-folder, example_dags","logger":"airflow.dag_processing.bundles.manager.DagBundlesManager","filename":"manager.py","lineno":179}
{"timestamp":"2025-12-08T19:06:06.837113Z","level":"info","event":"Filling up the DagBag from /opt/airflow/dags/shopverse_daily_pipeline.py","logger":"airflow.models.dagbag.DagBag","filename":"dagbag.py","lineno":593}
{"timestamp":"2025-12-08T19:06:07.342995Z","level":"warning","event":"The `airflow.utils.task_group.TaskGroup` attribute is deprecated. Please use `'airflow.sdk.TaskGroup'`.","category":"DeprecatedImportWarning","filename":"/opt/airflow/dags/shopverse_daily_pipeline.py","lineno":4,"logger":"py.warnings"}
{"timestamp":"2025-12-08T19:06:07.343341Z","level":"warning","event":"The `airflow.operators.python.get_current_context` attribute is deprecated. Please use `'airflow.sdk.get_current_context'`.","category":"DeprecatedImportWarning","filename":"/opt/airflow/dags/shopverse_daily_pipeline.py","lineno":8,"logger":"py.warnings"}
{"timestamp":"2025-12-08T19:06:07.461102Z","level":"info","event":"Task instance is in running state","logger":"task.stdout"}
{"timestamp":"2025-12-08T19:06:07.462008Z","level":"info","event":" Previous state of the Task instance: TaskInstanceState.QUEUED","logger":"task.stdout"}
{"timestamp":"2025-12-08T19:06:07.462996Z","level":"info","event":"Current task name:wait_for_orders_file","logger":"task.stdout"}
{"timestamp":"2025-12-08T19:06:07.463917Z","level":"info","event":"Dag name:shopverse_daily_pipeline","logger":"task.stdout"}
{"timestamp":"2025-12-08T19:06:07.482693Z","level":"info","event":"Poking for file /opt/airflow/data/landing/orders/orders_20251208.json","logger":"airflow.task.operators.airflow.providers.standard.sensors.filesystem.FileSensor","filename":"filesystem.py","lineno":125}
{"timestamp":"2025-12-08T19:06:27.380995Z","level":"info","event":"Poking for file /opt/airflow/data/landing/orders/orders_20251208.json","logger":"airflow.task.operators.airflow.providers.standard.sensors.filesystem.FileSensor","filename":"filesystem.py","lineno":125}
{"timestamp":"2025-12-08T19:06:47.405721Z","level":"info","event":"Poking for file /opt/airflow/data/landing/orders/orders_20251208.json","logger":"airflow.task.operators.airflow.providers.standard.sensors.filesystem.FileSensor","filename":"filesystem.py","lineno":125}
{"timestamp":"2025-12-08T19:07:07.321479Z","level":"info","event":"Poking for file /opt/airflow/data/landing/orders/orders_20251208.json","logger":"airflow.task.operators.airflow.providers.standard.sensors.filesystem.FileSensor","filename":"filesystem.py","lineno":125}
{"timestamp":"2025-12-08T19:07:27.215358Z","level":"info","event":"Poking for file /opt/airflow/data/landing/orders/orders_20251208.json","logger":"airflow.task.operators.airflow.providers.standard.sensors.filesystem.FileSensor","filename":"filesystem.py","lineno":125}
{"timestamp":"2025-12-08T19:07:47.239032Z","level":"info","event":"Poking for file /opt/airflow/data/landing/orders/orders_20251208.json","logger":"airflow.task.operators.airflow.providers.standard.sensors.filesystem.FileSensor","filename":"filesystem.py","lineno":125}
{"timestamp":"2025-12-08T19:08:07.166443Z","level":"info","event":"Poking for file /opt/airflow/data/landing/orders/orders_20251208.json","logger":"airflow.task.operators.airflow.providers.standard.sensors.filesystem.FileSensor","filename":"filesystem.py","lineno":125}
{"timestamp":"2025-12-08T19:08:27.022487Z","level":"info","event":"Poking for file /opt/airflow/data/landing/orders/orders_20251208.json","logger":"airflow.task.operators.airflow.providers.standard.sensors.filesystem.FileSensor","filename":"filesystem.py","lineno":125}
{"timestamp":"2025-12-08T19:08:47.053678Z","level":"info","event":"Poking for file /opt/airflow/data/landing/orders/orders_20251208.json","logger":"airflow.task.operators.airflow.providers.standard.sensors.filesystem.FileSensor","filename":"filesystem.py","lineno":125}
{"timestamp":"2025-12-08T19:09:07.046659Z","level":"info","event":"Poking for file /opt/airflow/data/landing/orders/orders_20251208.json","logger":"airflow.task.operators.airflow.providers.standard.sensors.filesystem.FileSensor","filename":"filesystem.py","lineno":125}
{"timestamp":"2025-12-08T19:09:26.938593Z","level":"info","event":"Poking for file /opt/airflow/data/landing/orders/orders_20251208.json","logger":"airflow.task.operators.airflow.providers.standard.sensors.filesystem.FileSensor","filename":"filesystem.py","lineno":125}
{"timestamp":"2025-12-08T19:09:47.093411Z","level":"info","event":"Poking for file /opt/airflow/data/landing/orders/orders_20251208.json","logger":"airflow.task.operators.airflow.providers.standard.sensors.filesystem.FileSensor","filename":"filesystem.py","lineno":125}
{"timestamp":"2025-12-08T19:10:07.069005Z","level":"info","event":"Poking for file /opt/airflow/data/landing/orders/orders_20251208.json","logger":"airflow.task.operators.airflow.providers.standard.sensors.filesystem.FileSensor","filename":"filesystem.py","lineno":125}
{"timestamp":"2025-12-08T19:10:26.955312Z","level":"info","event":"Poking for file /opt/airflow/data/landing/orders/orders_20251208.json","logger":"airflow.task.operators.airflow.providers.standard.sensors.filesystem.FileSensor","filename":"filesystem.py","lineno":125}
{"timestamp":"2025-12-08T19:10:47.033913Z","level":"info","event":"Poking for file /opt/airflow/data/landing/orders/orders_20251208.json","logger":"airflow.task.operators.airflow.providers.standard.sensors.filesystem.FileSensor","filename":"filesystem.py","lineno":125}
{"timestamp":"2025-12-08T19:11:07.219810Z","level":"info","event":"Poking for file /opt/airflow/data/landing/orders/orders_20251208.json","logger":"airflow.task.operators.airflow.providers.standard.sensors.filesystem.FileSensor","filename":"filesystem.py","lineno":125}
{"timestamp":"2025-12-08T19:11:27.128943Z","level":"info","event":"Poking for file /opt/airflow/data/landing/orders/orders_20251208.json","logger":"airflow.task.operators.airflow.providers.standard.sensors.filesystem.FileSensor","filename":"filesystem.py","lineno":125}
{"timestamp":"2025-12-08T19:11:47.166337Z","level":"info","event":"Poking for file /opt/airflow/data/landing/orders/orders_20251208.json","logger":"airflow.task.operators.airflow.providers.standard.sensors.filesystem.FileSensor","filename":"filesystem.py","lineno":125}
{"timestamp":"2025-12-08T19:12:07.106024Z","level":"info","event":"Poking for file /opt/airflow/data/landing/orders/orders_20251208.json","logger":"airflow.task.operators.airflow.providers.standard.sensors.filesystem.FileSensor","filename":"filesystem.py","lineno":125}
{"timestamp":"2025-12-08T19:12:27.018467Z","level":"info","event":"Poking for file /opt/airflow/data/landing/orders/orders_20251208.json","logger":"airflow.task.operators.airflow.providers.standard.sensors.filesystem.FileSensor","filename":"filesystem.py","lineno":125}
{"timestamp":"2025-12-08T19:12:47.048456Z","level":"info","event":"Poking for file /opt/airflow/data/landing/orders/orders_20251208.json","logger":"airflow.task.operators.airflow.providers.standard.sensors.filesystem.FileSensor","filename":"filesystem.py","lineno":125}
{"timestamp":"2025-12-08T19:13:07.007299Z","level":"info","event":"Poking for file /opt/airflow/data/landing/orders/orders_20251208.json","logger":"airflow.task.operators.airflow.providers.standard.sensors.filesystem.FileSensor","filename":"filesystem.py","lineno":125}
{"timestamp":"2025-12-08T19:13:26.918724Z","level":"info","event":"Poking for file /opt/airflow/data/landing/orders/orders_20251208.json","logger":"airflow.task.operators.airflow.providers.standard.sensors.filesystem.FileSensor","filename":"filesystem.py","lineno":125}
{"timestamp":"2025-12-08T19:13:46.940167Z","level":"info","event":"Poking for file /opt/airflow/data/landing/orders/orders_20251208.json","logger":"airflow.task.operators.airflow.providers.standard.sensors.filesystem.FileSensor","filename":"filesystem.py","lineno":125}
{"timestamp":"2025-12-08T19:14:06.890693Z","level":"info","event":"Poking for file /opt/airflow/data/landing/orders/orders_20251208.json","logger":"airflow.task.operators.airflow.providers.standard.sensors.filesystem.FileSensor","filename":"filesystem.py","lineno":125}
{"timestamp":"2025-12-08T19:14:26.804749Z","level":"info","event":"Poking for file /opt/airflow/data/landing/orders/orders_20251208.json","logger":"airflow.task.operators.airflow.providers.standard.sensors.filesystem.FileSensor","filename":"filesystem.py","lineno":125}
{"timestamp":"2025-12-08T19:14:46.809638Z","level":"info","event":"Poking for file /opt/airflow/data/landing/orders/orders_20251208.json","logger":"airflow.task.operators.airflow.providers.standard.sensors.filesystem.FileSensor","filename":"filesystem.py","lineno":125}
{"timestamp":"2025-12-08T19:15:06.736480Z","level":"info","event":"Poking for file /opt/airflow/data/landing/orders/orders_20251208.json","logger":"airflow.task.operators.airflow.providers.standard.sensors.filesystem.FileSensor","filename":"filesystem.py","lineno":125}
{"timestamp":"2025-12-08T19:15:16.798371Z","level":"error","event":"Server indicated the task shouldn't be running anymore. Terminating process","detail":{"detail":{"reason":"not_found","message":"Task Instance not found"}},"logger":"task"}
{"timestamp":"2025-12-08T19:15:21.851804Z","level":"error","event":"Task killed!","logger":"task"}
